Archive member included to satisfy reference by file (symbol)

c:/program files (x86)/avr-gcc-12.0.1_hhs/bin/../lib/gcc/avr/12.1.0/avr6\libgcc.a(_exit.o)
                              c:/program files (x86)/avr-gcc-12.0.1_hhs/bin/../lib/gcc/avr/12.1.0/../../../../avr/lib/avr6/crtatmega2560.o (exit)
c:/program files (x86)/avr-gcc-12.0.1_hhs/bin/../lib/gcc/avr/12.1.0/avr6\libgcc.a(_clear_bss.o)
                              obj\Debug\navigatie_lib.o (__do_clear_bss)
c:/program files (x86)/avr-gcc-12.0.1_hhs/bin/../lib/gcc/avr/12.1.0/../../../../avr/lib/avr6\libm.a(addsf3.o)
                              obj\Debug\navigatie_lib.o (__subsf3)
c:/program files (x86)/avr-gcc-12.0.1_hhs/bin/../lib/gcc/avr/12.1.0/../../../../avr/lib/avr6\libm.a(addsf3x.o)
                              c:/program files (x86)/avr-gcc-12.0.1_hhs/bin/../lib/gcc/avr/12.1.0/../../../../avr/lib/avr6\libm.a(addsf3.o) (__addsf3x)
c:/program files (x86)/avr-gcc-12.0.1_hhs/bin/../lib/gcc/avr/12.1.0/../../../../avr/lib/avr6\libm.a(divsf3.o)
                              obj\Debug\navigatie_lib.o (__divsf3)
c:/program files (x86)/avr-gcc-12.0.1_hhs/bin/../lib/gcc/avr/12.1.0/../../../../avr/lib/avr6\libm.a(divsf3x.o)
                              c:/program files (x86)/avr-gcc-12.0.1_hhs/bin/../lib/gcc/avr/12.1.0/../../../../avr/lib/avr6\libm.a(divsf3.o) (__divsf3x)
c:/program files (x86)/avr-gcc-12.0.1_hhs/bin/../lib/gcc/avr/12.1.0/../../../../avr/lib/avr6\libm.a(fixsfsi.o)
                              obj\Debug\motor_lib.o (__fixsfsi)
c:/program files (x86)/avr-gcc-12.0.1_hhs/bin/../lib/gcc/avr/12.1.0/../../../../avr/lib/avr6\libm.a(fixunssfsi.o)
                              obj\Debug\us_sensor_lib.o (__fixunssfsi)
c:/program files (x86)/avr-gcc-12.0.1_hhs/bin/../lib/gcc/avr/12.1.0/../../../../avr/lib/avr6\libm.a(floatsisf.o)
                              obj\Debug\us_sensor_lib.o (__floatunsisf)
c:/program files (x86)/avr-gcc-12.0.1_hhs/bin/../lib/gcc/avr/12.1.0/../../../../avr/lib/avr6\libm.a(fp_inf.o)
                              c:/program files (x86)/avr-gcc-12.0.1_hhs/bin/../lib/gcc/avr/12.1.0/../../../../avr/lib/avr6\libm.a(addsf3x.o) (__fp_inf)
c:/program files (x86)/avr-gcc-12.0.1_hhs/bin/../lib/gcc/avr/12.1.0/../../../../avr/lib/avr6\libm.a(fp_nan.o)
                              c:/program files (x86)/avr-gcc-12.0.1_hhs/bin/../lib/gcc/avr/12.1.0/../../../../avr/lib/avr6\libm.a(addsf3x.o) (__fp_nan)
c:/program files (x86)/avr-gcc-12.0.1_hhs/bin/../lib/gcc/avr/12.1.0/../../../../avr/lib/avr6\libm.a(fp_pscA.o)
                              c:/program files (x86)/avr-gcc-12.0.1_hhs/bin/../lib/gcc/avr/12.1.0/../../../../avr/lib/avr6\libm.a(addsf3x.o) (__fp_pscA)
c:/program files (x86)/avr-gcc-12.0.1_hhs/bin/../lib/gcc/avr/12.1.0/../../../../avr/lib/avr6\libm.a(fp_pscB.o)
                              c:/program files (x86)/avr-gcc-12.0.1_hhs/bin/../lib/gcc/avr/12.1.0/../../../../avr/lib/avr6\libm.a(addsf3x.o) (__fp_pscB)
c:/program files (x86)/avr-gcc-12.0.1_hhs/bin/../lib/gcc/avr/12.1.0/../../../../avr/lib/avr6\libm.a(fp_round.o)
                              c:/program files (x86)/avr-gcc-12.0.1_hhs/bin/../lib/gcc/avr/12.1.0/../../../../avr/lib/avr6\libm.a(addsf3.o) (__fp_round)
c:/program files (x86)/avr-gcc-12.0.1_hhs/bin/../lib/gcc/avr/12.1.0/../../../../avr/lib/avr6\libm.a(fp_split3.o)
                              c:/program files (x86)/avr-gcc-12.0.1_hhs/bin/../lib/gcc/avr/12.1.0/../../../../avr/lib/avr6\libm.a(addsf3x.o) (__fp_split3)
c:/program files (x86)/avr-gcc-12.0.1_hhs/bin/../lib/gcc/avr/12.1.0/../../../../avr/lib/avr6\libm.a(fp_zero.o)
                              c:/program files (x86)/avr-gcc-12.0.1_hhs/bin/../lib/gcc/avr/12.1.0/../../../../avr/lib/avr6\libm.a(addsf3x.o) (__fp_zero)
c:/program files (x86)/avr-gcc-12.0.1_hhs/bin/../lib/gcc/avr/12.1.0/../../../../avr/lib/avr6\libm.a(mulsf3.o)
                              obj\Debug\motor_lib.o (__mulsf3)
c:/program files (x86)/avr-gcc-12.0.1_hhs/bin/../lib/gcc/avr/12.1.0/../../../../avr/lib/avr6\libm.a(mulsf3x.o)
                              c:/program files (x86)/avr-gcc-12.0.1_hhs/bin/../lib/gcc/avr/12.1.0/../../../../avr/lib/avr6\libm.a(mulsf3.o) (__mulsf3x)

Memory Configuration

Name             Origin             Length             Attributes
text             0x0000000000000000 0x0000000000100000 xr
data             0x0000000000800200 0x000000000000fe00 rw !x
eeprom           0x0000000000810000 0x0000000000010000 rw !x
fuse             0x0000000000820000 0x0000000000000003 rw !x
lock             0x0000000000830000 0x0000000000000400 rw !x
signature        0x0000000000840000 0x0000000000000400 rw !x
user_signatures  0x0000000000850000 0x0000000000000400 rw !x
*default*        0x0000000000000000 0xffffffffffffffff

Linker script and memory map

Address of section .data set to 0x800200
LOAD c:/program files (x86)/avr-gcc-12.0.1_hhs/bin/../lib/gcc/avr/12.1.0/../../../../avr/lib/avr6/crtatmega2560.o
LOAD obj\Debug\communicatie_lib.o
LOAD obj\Debug\fuse.o
LOAD obj\Debug\init.o
LOAD obj\Debug\main.o
LOAD obj\Debug\motor_lib.o
LOAD obj\Debug\navigatie_lib.o
LOAD obj\Debug\rfid_module_lib.o
LOAD obj\Debug\us_sensor_lib.o
START GROUP
LOAD c:/program files (x86)/avr-gcc-12.0.1_hhs/bin/../lib/gcc/avr/12.1.0/avr6\libgcc.a
LOAD c:/program files (x86)/avr-gcc-12.0.1_hhs/bin/../lib/gcc/avr/12.1.0/../../../../avr/lib/avr6\libm.a
LOAD c:/program files (x86)/avr-gcc-12.0.1_hhs/bin/../lib/gcc/avr/12.1.0/../../../../avr/lib/avr6\libc.a
LOAD c:/program files (x86)/avr-gcc-12.0.1_hhs/bin/../lib/gcc/avr/12.1.0/../../../../avr/lib/avr6\libatmega2560.a
END GROUP
                0x0000000000100000                __TEXT_REGION_LENGTH__ = DEFINED (__TEXT_REGION_LENGTH__)?__TEXT_REGION_LENGTH__:0x100000
                0x000000000000fe00                __DATA_REGION_LENGTH__ = DEFINED (__DATA_REGION_LENGTH__)?__DATA_REGION_LENGTH__:0xfe00
                0x0000000000010000                __EEPROM_REGION_LENGTH__ = DEFINED (__EEPROM_REGION_LENGTH__)?__EEPROM_REGION_LENGTH__:0x10000
                [0x0000000000000003]                __FUSE_REGION_LENGTH__ = DEFINED (__FUSE_REGION_LENGTH__)?__FUSE_REGION_LENGTH__:0x400
                0x0000000000000400                __LOCK_REGION_LENGTH__ = DEFINED (__LOCK_REGION_LENGTH__)?__LOCK_REGION_LENGTH__:0x400
                0x0000000000000400                __SIGNATURE_REGION_LENGTH__ = DEFINED (__SIGNATURE_REGION_LENGTH__)?__SIGNATURE_REGION_LENGTH__:0x400
                0x0000000000000400                __USER_SIGNATURE_REGION_LENGTH__ = DEFINED (__USER_SIGNATURE_REGION_LENGTH__)?__USER_SIGNATURE_REGION_LENGTH__:0x400

.hash
 *(.hash)

.dynsym
 *(.dynsym)

.dynstr
 *(.dynstr)

.gnu.version
 *(.gnu.version)

.gnu.version_d
 *(.gnu.version_d)

.gnu.version_r
 *(.gnu.version_r)

.rel.init
 *(.rel.init)

.rela.init
 *(.rela.init)

.rel.text
 *(.rel.text)
 *(.rel.text.*)
 *(.rel.gnu.linkonce.t*)

.rela.text
 *(.rela.text)
 *(.rela.text.*)
 *(.rela.gnu.linkonce.t*)

.rel.fini
 *(.rel.fini)

.rela.fini
 *(.rela.fini)

.rel.rodata
 *(.rel.rodata)
 *(.rel.rodata.*)
 *(.rel.gnu.linkonce.r*)

.rela.rodata
 *(.rela.rodata)
 *(.rela.rodata.*)
 *(.rela.gnu.linkonce.r*)

.rel.data
 *(.rel.data)
 *(.rel.data.*)
 *(.rel.gnu.linkonce.d*)

.rela.data
 *(.rela.data)
 *(.rela.data.*)
 *(.rela.gnu.linkonce.d*)

.rel.ctors
 *(.rel.ctors)

.rela.ctors
 *(.rela.ctors)

.rel.dtors
 *(.rel.dtors)

.rela.dtors
 *(.rela.dtors)

.rel.got
 *(.rel.got)

.rela.got
 *(.rela.got)

.rel.bss
 *(.rel.bss)

.rela.bss
 *(.rela.bss)

.rel.plt
 *(.rel.plt)

.rela.plt
 *(.rela.plt)

.text           0x0000000000000000     0x1138
 *(.vectors)
 .vectors       0x0000000000000000       0xe4 c:/program files (x86)/avr-gcc-12.0.1_hhs/bin/../lib/gcc/avr/12.1.0/../../../../avr/lib/avr6/crtatmega2560.o
                0x0000000000000000                __vector_default
                0x0000000000000000                __vectors
 *(.vectors)
 *(.progmem.gcc*)
                0x00000000000000e4                . = ALIGN (0x2)
                0x00000000000000e4                __trampolines_start = .
 *(.trampolines)
 .trampolines   0x00000000000000e4        0x0 linker stubs
 *(.trampolines*)
                0x00000000000000e4                __trampolines_end = .
 *libprintf_flt.a:*(.progmem.data)
 *libc.a:*(.progmem.data)
 *(.progmem.*)
                0x00000000000000e4                . = ALIGN (0x2)
 *(.lowtext)
 *(.lowtext*)
                0x00000000000000e4                __ctors_start = .
 *(.ctors)
                0x00000000000000e4                __ctors_end = .
                0x00000000000000e4                __dtors_start = .
 *(.dtors)
                0x00000000000000e4                __dtors_end = .
 SORT_BY_NAME(*)(.ctors)
 SORT_BY_NAME(*)(.dtors)
 *(.init0)
 .init0         0x00000000000000e4        0x0 c:/program files (x86)/avr-gcc-12.0.1_hhs/bin/../lib/gcc/avr/12.1.0/../../../../avr/lib/avr6/crtatmega2560.o
                0x00000000000000e4                __init
 *(.init0)
 *(.init1)
 *(.init1)
 *(.init2)
 .init2         0x00000000000000e4       0x10 c:/program files (x86)/avr-gcc-12.0.1_hhs/bin/../lib/gcc/avr/12.1.0/../../../../avr/lib/avr6/crtatmega2560.o
 *(.init2)
 *(.init3)
 *(.init3)
 *(.init4)
 .init4         0x00000000000000f4       0x10 c:/program files (x86)/avr-gcc-12.0.1_hhs/bin/../lib/gcc/avr/12.1.0/avr6\libgcc.a(_clear_bss.o)
                0x00000000000000f4                __do_clear_bss
 *(.init4)
 *(.init5)
 *(.init5)
 *(.init6)
 *(.init6)
 *(.init7)
 *(.init7)
 *(.init8)
 *(.init8)
 *(.init9)
 .init9         0x0000000000000104        0x8 c:/program files (x86)/avr-gcc-12.0.1_hhs/bin/../lib/gcc/avr/12.1.0/../../../../avr/lib/avr6/crtatmega2560.o
 *(.init9)
 *(.text)
 .text          0x000000000000010c        0x4 c:/program files (x86)/avr-gcc-12.0.1_hhs/bin/../lib/gcc/avr/12.1.0/../../../../avr/lib/avr6/crtatmega2560.o
                0x000000000000010c                __vector_38
                0x000000000000010c                __vector_22
                0x000000000000010c                __vector_28
                0x000000000000010c                __vector_32
                0x000000000000010c                __vector_34
                0x000000000000010c                __vector_24
                0x000000000000010c                __vector_12
                0x000000000000010c                __vector_55
                0x000000000000010c                __vector_46
                0x000000000000010c                __bad_interrupt
                0x000000000000010c                __vector_6
                0x000000000000010c                __vector_31
                0x000000000000010c                __vector_39
                0x000000000000010c                __vector_3
                0x000000000000010c                __vector_23
                0x000000000000010c                __vector_30
                0x000000000000010c                __vector_45
                0x000000000000010c                __vector_25
                0x000000000000010c                __vector_11
                0x000000000000010c                __vector_54
                0x000000000000010c                __vector_13
                0x000000000000010c                __vector_17
                0x000000000000010c                __vector_19
                0x000000000000010c                __vector_56
                0x000000000000010c                __vector_7
                0x000000000000010c                __vector_49
                0x000000000000010c                __vector_41
                0x000000000000010c                __vector_43
                0x000000000000010c                __vector_27
                0x000000000000010c                __vector_33
                0x000000000000010c                __vector_47
                0x000000000000010c                __vector_52
                0x000000000000010c                __vector_37
                0x000000000000010c                __vector_4
                0x000000000000010c                __vector_44
                0x000000000000010c                __vector_51
                0x000000000000010c                __vector_9
                0x000000000000010c                __vector_2
                0x000000000000010c                __vector_21
                0x000000000000010c                __vector_15
                0x000000000000010c                __vector_36
                0x000000000000010c                __vector_29
                0x000000000000010c                __vector_40
                0x000000000000010c                __vector_8
                0x000000000000010c                __vector_26
                0x000000000000010c                __vector_48
                0x000000000000010c                __vector_14
                0x000000000000010c                __vector_53
                0x000000000000010c                __vector_10
                0x000000000000010c                __vector_50
                0x000000000000010c                __vector_16
                0x000000000000010c                __vector_18
                0x000000000000010c                __vector_20
                0x000000000000010c                __vector_42
 .text          0x0000000000000110       0x40 obj\Debug\communicatie_lib.o
                0x0000000000000110                acknowledge_agv
                0x0000000000000126                __vector_35
 .text          0x0000000000000150        0x0 obj\Debug\fuse.o
 .text          0x0000000000000150      0x12a obj\Debug\init.o
                0x0000000000000150                __vector_1
                0x0000000000000154                __vector_5
                0x00000000000001a8                init_rfid_module
                0x00000000000001c0                init_us_sensor
                0x00000000000001da                init_lijndetectieIR
                0x00000000000001ea                init_h_brug_dual
                0x000000000000023c                init_communicatie
                0x0000000000000262                init
 .text          0x000000000000027a        0xe obj\Debug\main.o
                0x000000000000027a                main
 .text          0x0000000000000288      0x160 obj\Debug\motor_lib.o
                0x0000000000000288                motor_R
                0x00000000000002e8                motor_L
                0x0000000000000348                motor_config
 .text          0x00000000000003e8      0x608 obj\Debug\navigatie_lib.o
                0x00000000000003e8                percentageSteering_R
                0x000000000000048c                percentageSteering_L
                0x0000000000000530                padNavigerenNorm
                0x00000000000006ec                lijnInterrupt
                0x000000000000071e                padNavigerenKant
                0x000000000000092c                kerenR
 .text          0x00000000000009f0       0x14 obj\Debug\rfid_module_lib.o
                0x00000000000009f0                rfid_module
 .text          0x0000000000000a04      0x310 obj\Debug\us_sensor_lib.o
                0x0000000000000a04                ultrasoonAfstand_R_VOOR
                0x0000000000000ac8                ultrasoonAfstand_L_VOOR
                0x0000000000000b8c                ultrasoonAfstand_R_ACHTER
                0x0000000000000c50                ultrasoonAfstand_L_ACHTER
 .text          0x0000000000000d14        0x0 c:/program files (x86)/avr-gcc-12.0.1_hhs/bin/../lib/gcc/avr/12.1.0/avr6\libgcc.a(_exit.o)
 .text          0x0000000000000d14        0x0 c:/program files (x86)/avr-gcc-12.0.1_hhs/bin/../lib/gcc/avr/12.1.0/avr6\libgcc.a(_clear_bss.o)
 .text          0x0000000000000d14        0x0 c:/program files (x86)/avr-gcc-12.0.1_hhs/bin/../lib/gcc/avr/12.1.0/../../../../avr/lib/avr6\libm.a(addsf3.o)
 .text          0x0000000000000d14        0x0 c:/program files (x86)/avr-gcc-12.0.1_hhs/bin/../lib/gcc/avr/12.1.0/../../../../avr/lib/avr6\libm.a(addsf3x.o)
 .text          0x0000000000000d14        0x0 c:/program files (x86)/avr-gcc-12.0.1_hhs/bin/../lib/gcc/avr/12.1.0/../../../../avr/lib/avr6\libm.a(divsf3.o)
 .text          0x0000000000000d14        0x0 c:/program files (x86)/avr-gcc-12.0.1_hhs/bin/../lib/gcc/avr/12.1.0/../../../../avr/lib/avr6\libm.a(divsf3x.o)
 .text          0x0000000000000d14        0x0 c:/program files (x86)/avr-gcc-12.0.1_hhs/bin/../lib/gcc/avr/12.1.0/../../../../avr/lib/avr6\libm.a(fixsfsi.o)
 .text          0x0000000000000d14        0x0 c:/program files (x86)/avr-gcc-12.0.1_hhs/bin/../lib/gcc/avr/12.1.0/../../../../avr/lib/avr6\libm.a(fixunssfsi.o)
 .text          0x0000000000000d14        0x0 c:/program files (x86)/avr-gcc-12.0.1_hhs/bin/../lib/gcc/avr/12.1.0/../../../../avr/lib/avr6\libm.a(floatsisf.o)
 .text          0x0000000000000d14        0x0 c:/program files (x86)/avr-gcc-12.0.1_hhs/bin/../lib/gcc/avr/12.1.0/../../../../avr/lib/avr6\libm.a(fp_inf.o)
 .text          0x0000000000000d14        0x0 c:/program files (x86)/avr-gcc-12.0.1_hhs/bin/../lib/gcc/avr/12.1.0/../../../../avr/lib/avr6\libm.a(fp_nan.o)
 .text          0x0000000000000d14        0x0 c:/program files (x86)/avr-gcc-12.0.1_hhs/bin/../lib/gcc/avr/12.1.0/../../../../avr/lib/avr6\libm.a(fp_pscA.o)
 .text          0x0000000000000d14        0x0 c:/program files (x86)/avr-gcc-12.0.1_hhs/bin/../lib/gcc/avr/12.1.0/../../../../avr/lib/avr6\libm.a(fp_pscB.o)
 .text          0x0000000000000d14        0x0 c:/program files (x86)/avr-gcc-12.0.1_hhs/bin/../lib/gcc/avr/12.1.0/../../../../avr/lib/avr6\libm.a(fp_round.o)
 .text          0x0000000000000d14        0x0 c:/program files (x86)/avr-gcc-12.0.1_hhs/bin/../lib/gcc/avr/12.1.0/../../../../avr/lib/avr6\libm.a(fp_split3.o)
 .text          0x0000000000000d14        0x0 c:/program files (x86)/avr-gcc-12.0.1_hhs/bin/../lib/gcc/avr/12.1.0/../../../../avr/lib/avr6\libm.a(fp_zero.o)
 .text          0x0000000000000d14        0x0 c:/program files (x86)/avr-gcc-12.0.1_hhs/bin/../lib/gcc/avr/12.1.0/../../../../avr/lib/avr6\libm.a(mulsf3.o)
 .text          0x0000000000000d14        0x0 c:/program files (x86)/avr-gcc-12.0.1_hhs/bin/../lib/gcc/avr/12.1.0/../../../../avr/lib/avr6\libm.a(mulsf3x.o)
                0x0000000000000d14                . = ALIGN (0x2)
 *(.text.*)
 .text.libgcc.mul
                0x0000000000000d14        0x0 c:/program files (x86)/avr-gcc-12.0.1_hhs/bin/../lib/gcc/avr/12.1.0/avr6\libgcc.a(_exit.o)
 .text.libgcc.div
                0x0000000000000d14        0x0 c:/program files (x86)/avr-gcc-12.0.1_hhs/bin/../lib/gcc/avr/12.1.0/avr6\libgcc.a(_exit.o)
 .text.libgcc   0x0000000000000d14        0x0 c:/program files (x86)/avr-gcc-12.0.1_hhs/bin/../lib/gcc/avr/12.1.0/avr6\libgcc.a(_exit.o)
 .text.libgcc.prologue
                0x0000000000000d14        0x0 c:/program files (x86)/avr-gcc-12.0.1_hhs/bin/../lib/gcc/avr/12.1.0/avr6\libgcc.a(_exit.o)
 .text.libgcc.builtins
                0x0000000000000d14        0x0 c:/program files (x86)/avr-gcc-12.0.1_hhs/bin/../lib/gcc/avr/12.1.0/avr6\libgcc.a(_exit.o)
 .text.libgcc.fmul
                0x0000000000000d14        0x0 c:/program files (x86)/avr-gcc-12.0.1_hhs/bin/../lib/gcc/avr/12.1.0/avr6\libgcc.a(_exit.o)
 .text.libgcc.fixed
                0x0000000000000d14        0x0 c:/program files (x86)/avr-gcc-12.0.1_hhs/bin/../lib/gcc/avr/12.1.0/avr6\libgcc.a(_exit.o)
 .text.libgcc.mul
                0x0000000000000d14        0x0 c:/program files (x86)/avr-gcc-12.0.1_hhs/bin/../lib/gcc/avr/12.1.0/avr6\libgcc.a(_clear_bss.o)
 .text.libgcc.div
                0x0000000000000d14        0x0 c:/program files (x86)/avr-gcc-12.0.1_hhs/bin/../lib/gcc/avr/12.1.0/avr6\libgcc.a(_clear_bss.o)
 .text.libgcc   0x0000000000000d14        0x0 c:/program files (x86)/avr-gcc-12.0.1_hhs/bin/../lib/gcc/avr/12.1.0/avr6\libgcc.a(_clear_bss.o)
 .text.libgcc.prologue
                0x0000000000000d14        0x0 c:/program files (x86)/avr-gcc-12.0.1_hhs/bin/../lib/gcc/avr/12.1.0/avr6\libgcc.a(_clear_bss.o)
 .text.libgcc.builtins
                0x0000000000000d14        0x0 c:/program files (x86)/avr-gcc-12.0.1_hhs/bin/../lib/gcc/avr/12.1.0/avr6\libgcc.a(_clear_bss.o)
 .text.libgcc.fmul
                0x0000000000000d14        0x0 c:/program files (x86)/avr-gcc-12.0.1_hhs/bin/../lib/gcc/avr/12.1.0/avr6\libgcc.a(_clear_bss.o)
 .text.libgcc.fixed
                0x0000000000000d14        0x0 c:/program files (x86)/avr-gcc-12.0.1_hhs/bin/../lib/gcc/avr/12.1.0/avr6\libgcc.a(_clear_bss.o)
 .text.avr-libc.fplib
                0x0000000000000d14        0xe c:/program files (x86)/avr-gcc-12.0.1_hhs/bin/../lib/gcc/avr/12.1.0/../../../../avr/lib/avr6\libm.a(addsf3.o)
                0x0000000000000d14                __subsf3
                0x0000000000000d16                __addsf3
 .text.avr-libc.fplib
                0x0000000000000d22       0xcc c:/program files (x86)/avr-gcc-12.0.1_hhs/bin/../lib/gcc/avr/12.1.0/../../../../avr/lib/avr6\libm.a(addsf3x.o)
                0x0000000000000d44                __addsf3x
 .text.avr-libc.fplib
                0x0000000000000dee        0x8 c:/program files (x86)/avr-gcc-12.0.1_hhs/bin/../lib/gcc/avr/12.1.0/../../../../avr/lib/avr6\libm.a(divsf3.o)
                0x0000000000000dee                __divsf3
 .text.avr-libc.fplib
                0x0000000000000df6       0xdc c:/program files (x86)/avr-gcc-12.0.1_hhs/bin/../lib/gcc/avr/12.1.0/../../../../avr/lib/avr6\libm.a(divsf3x.o)
                0x0000000000000e16                __divsf3x
                0x0000000000000e1c                __divsf3_pse
 .text.avr-libc.fplib
                0x0000000000000ed2        0xe c:/program files (x86)/avr-gcc-12.0.1_hhs/bin/../lib/gcc/avr/12.1.0/../../../../avr/lib/avr6\libm.a(fixsfsi.o)
                0x0000000000000ed2                __fixsfsi
 .text.avr-libc.fplib
                0x0000000000000ee0       0x5e c:/program files (x86)/avr-gcc-12.0.1_hhs/bin/../lib/gcc/avr/12.1.0/../../../../avr/lib/avr6\libm.a(fixunssfsi.o)
                0x0000000000000ee0                __fixunssfsi
 .text.avr-libc.fplib
                0x0000000000000f3e       0x7a c:/program files (x86)/avr-gcc-12.0.1_hhs/bin/../lib/gcc/avr/12.1.0/../../../../avr/lib/avr6\libm.a(floatsisf.o)
                0x0000000000000f3e                __floatunsisf
                0x0000000000000f42                __floatsisf
 .text.avr-libc.fplib
                0x0000000000000fb8        0xc c:/program files (x86)/avr-gcc-12.0.1_hhs/bin/../lib/gcc/avr/12.1.0/../../../../avr/lib/avr6\libm.a(fp_inf.o)
                0x0000000000000fb8                __fp_inf
 .text.avr-libc.fplib
                0x0000000000000fc4        0x6 c:/program files (x86)/avr-gcc-12.0.1_hhs/bin/../lib/gcc/avr/12.1.0/../../../../avr/lib/avr6\libm.a(fp_nan.o)
                0x0000000000000fc4                __fp_nan
 .text.avr-libc.fplib
                0x0000000000000fca        0xe c:/program files (x86)/avr-gcc-12.0.1_hhs/bin/../lib/gcc/avr/12.1.0/../../../../avr/lib/avr6\libm.a(fp_pscA.o)
                0x0000000000000fca                __fp_pscA
 .text.avr-libc.fplib
                0x0000000000000fd8        0xe c:/program files (x86)/avr-gcc-12.0.1_hhs/bin/../lib/gcc/avr/12.1.0/../../../../avr/lib/avr6\libm.a(fp_pscB.o)
                0x0000000000000fd8                __fp_pscB
 .text.avr-libc.fplib
                0x0000000000000fe6       0x22 c:/program files (x86)/avr-gcc-12.0.1_hhs/bin/../lib/gcc/avr/12.1.0/../../../../avr/lib/avr6\libm.a(fp_round.o)
                0x0000000000000fe6                __fp_round
 .text.avr-libc.fplib
                0x0000000000001008       0x44 c:/program files (x86)/avr-gcc-12.0.1_hhs/bin/../lib/gcc/avr/12.1.0/../../../../avr/lib/avr6\libm.a(fp_split3.o)
                0x0000000000001008                __fp_split3
                0x0000000000001018                __fp_splitA
 .text.avr-libc.fplib
                0x000000000000104c        0xe c:/program files (x86)/avr-gcc-12.0.1_hhs/bin/../lib/gcc/avr/12.1.0/../../../../avr/lib/avr6\libm.a(fp_zero.o)
                0x000000000000104c                __fp_zero
                0x000000000000104e                __fp_szero
 .text.avr-libc.fplib
                0x000000000000105a        0x8 c:/program files (x86)/avr-gcc-12.0.1_hhs/bin/../lib/gcc/avr/12.1.0/../../../../avr/lib/avr6\libm.a(mulsf3.o)
                0x000000000000105a                __mulsf3
 .text.avr-libc.fplib
                0x0000000000001062       0xd2 c:/program files (x86)/avr-gcc-12.0.1_hhs/bin/../lib/gcc/avr/12.1.0/../../../../avr/lib/avr6\libm.a(mulsf3x.o)
                0x0000000000001080                __mulsf3x
                0x0000000000001086                __mulsf3_pse
                0x0000000000001134                . = ALIGN (0x2)
 *(.fini9)
 .fini9         0x0000000000001134        0x0 c:/program files (x86)/avr-gcc-12.0.1_hhs/bin/../lib/gcc/avr/12.1.0/avr6\libgcc.a(_exit.o)
                0x0000000000001134                _exit
                0x0000000000001134                exit
 *(.fini9)
 *(.fini8)
 *(.fini8)
 *(.fini7)
 *(.fini7)
 *(.fini6)
 *(.fini6)
 *(.fini5)
 *(.fini5)
 *(.fini4)
 *(.fini4)
 *(.fini3)
 *(.fini3)
 *(.fini2)
 *(.fini2)
 *(.fini1)
 *(.fini1)
 *(.fini0)
 .fini0         0x0000000000001134        0x4 c:/program files (x86)/avr-gcc-12.0.1_hhs/bin/../lib/gcc/avr/12.1.0/avr6\libgcc.a(_exit.o)
 *(.fini0)
 *(.hightext)
 *(.hightext*)
 *(.progmemx.*)
                0x0000000000001138                . = ALIGN (0x2)
 *(.jumptables)
 *(.jumptables*)
                0x0000000000001138                _etext = .

.data           0x0000000000800200        0x0 load address 0x0000000000001138
                [!provide]                        PROVIDE (__data_start = .)
 *(.data)
 .data          0x0000000000800200        0x0 c:/program files (x86)/avr-gcc-12.0.1_hhs/bin/../lib/gcc/avr/12.1.0/../../../../avr/lib/avr6/crtatmega2560.o
 .data          0x0000000000800200        0x0 obj\Debug\communicatie_lib.o
 .data          0x0000000000800200        0x0 obj\Debug\fuse.o
 .data          0x0000000000800200        0x0 obj\Debug\init.o
 .data          0x0000000000800200        0x0 obj\Debug\main.o
 .data          0x0000000000800200        0x0 obj\Debug\motor_lib.o
 .data          0x0000000000800200        0x0 obj\Debug\navigatie_lib.o
 .data          0x0000000000800200        0x0 obj\Debug\rfid_module_lib.o
 .data          0x0000000000800200        0x0 obj\Debug\us_sensor_lib.o
 .data          0x0000000000800200        0x0 c:/program files (x86)/avr-gcc-12.0.1_hhs/bin/../lib/gcc/avr/12.1.0/avr6\libgcc.a(_exit.o)
 .data          0x0000000000800200        0x0 c:/program files (x86)/avr-gcc-12.0.1_hhs/bin/../lib/gcc/avr/12.1.0/avr6\libgcc.a(_clear_bss.o)
 .data          0x0000000000800200        0x0 c:/program files (x86)/avr-gcc-12.0.1_hhs/bin/../lib/gcc/avr/12.1.0/../../../../avr/lib/avr6\libm.a(addsf3.o)
 .data          0x0000000000800200        0x0 c:/program files (x86)/avr-gcc-12.0.1_hhs/bin/../lib/gcc/avr/12.1.0/../../../../avr/lib/avr6\libm.a(addsf3x.o)
 .data          0x0000000000800200        0x0 c:/program files (x86)/avr-gcc-12.0.1_hhs/bin/../lib/gcc/avr/12.1.0/../../../../avr/lib/avr6\libm.a(divsf3.o)
 .data          0x0000000000800200        0x0 c:/program files (x86)/avr-gcc-12.0.1_hhs/bin/../lib/gcc/avr/12.1.0/../../../../avr/lib/avr6\libm.a(divsf3x.o)
 .data          0x0000000000800200        0x0 c:/program files (x86)/avr-gcc-12.0.1_hhs/bin/../lib/gcc/avr/12.1.0/../../../../avr/lib/avr6\libm.a(fixsfsi.o)
 .data          0x0000000000800200        0x0 c:/program files (x86)/avr-gcc-12.0.1_hhs/bin/../lib/gcc/avr/12.1.0/../../../../avr/lib/avr6\libm.a(fixunssfsi.o)
 .data          0x0000000000800200        0x0 c:/program files (x86)/avr-gcc-12.0.1_hhs/bin/../lib/gcc/avr/12.1.0/../../../../avr/lib/avr6\libm.a(floatsisf.o)
 .data          0x0000000000800200        0x0 c:/program files (x86)/avr-gcc-12.0.1_hhs/bin/../lib/gcc/avr/12.1.0/../../../../avr/lib/avr6\libm.a(fp_inf.o)
 .data          0x0000000000800200        0x0 c:/program files (x86)/avr-gcc-12.0.1_hhs/bin/../lib/gcc/avr/12.1.0/../../../../avr/lib/avr6\libm.a(fp_nan.o)
 .data          0x0000000000800200        0x0 c:/program files (x86)/avr-gcc-12.0.1_hhs/bin/../lib/gcc/avr/12.1.0/../../../../avr/lib/avr6\libm.a(fp_pscA.o)
 .data          0x0000000000800200        0x0 c:/program files (x86)/avr-gcc-12.0.1_hhs/bin/../lib/gcc/avr/12.1.0/../../../../avr/lib/avr6\libm.a(fp_pscB.o)
 .data          0x0000000000800200        0x0 c:/program files (x86)/avr-gcc-12.0.1_hhs/bin/../lib/gcc/avr/12.1.0/../../../../avr/lib/avr6\libm.a(fp_round.o)
 .data          0x0000000000800200        0x0 c:/program files (x86)/avr-gcc-12.0.1_hhs/bin/../lib/gcc/avr/12.1.0/../../../../avr/lib/avr6\libm.a(fp_split3.o)
 .data          0x0000000000800200        0x0 c:/program files (x86)/avr-gcc-12.0.1_hhs/bin/../lib/gcc/avr/12.1.0/../../../../avr/lib/avr6\libm.a(fp_zero.o)
 .data          0x0000000000800200        0x0 c:/program files (x86)/avr-gcc-12.0.1_hhs/bin/../lib/gcc/avr/12.1.0/../../../../avr/lib/avr6\libm.a(mulsf3.o)
 .data          0x0000000000800200        0x0 c:/program files (x86)/avr-gcc-12.0.1_hhs/bin/../lib/gcc/avr/12.1.0/../../../../avr/lib/avr6\libm.a(mulsf3x.o)
 *(.data*)
 *(.gnu.linkonce.d*)
 *(.rodata)
 *(.rodata*)
 *(.gnu.linkonce.r*)
                0x0000000000800200                . = ALIGN (0x2)
                0x0000000000800200                _edata = .
                [!provide]                        PROVIDE (__data_end = .)

.bss            0x0000000000800200       0x18
                0x0000000000800200                PROVIDE (__bss_start = .)
 *(.bss)
 .bss           0x0000000000800200        0x0 c:/program files (x86)/avr-gcc-12.0.1_hhs/bin/../lib/gcc/avr/12.1.0/../../../../avr/lib/avr6/crtatmega2560.o
 .bss           0x0000000000800200        0x0 obj\Debug\communicatie_lib.o
 .bss           0x0000000000800200        0x0 obj\Debug\fuse.o
 .bss           0x0000000000800200        0x0 obj\Debug\init.o
 .bss           0x0000000000800200        0x0 obj\Debug\main.o
 .bss           0x0000000000800200        0x0 obj\Debug\motor_lib.o
 .bss           0x0000000000800200       0x18 obj\Debug\navigatie_lib.o
 .bss           0x0000000000800218        0x0 obj\Debug\rfid_module_lib.o
 .bss           0x0000000000800218        0x0 obj\Debug\us_sensor_lib.o
 .bss           0x0000000000800218        0x0 c:/program files (x86)/avr-gcc-12.0.1_hhs/bin/../lib/gcc/avr/12.1.0/avr6\libgcc.a(_exit.o)
 .bss           0x0000000000800218        0x0 c:/program files (x86)/avr-gcc-12.0.1_hhs/bin/../lib/gcc/avr/12.1.0/avr6\libgcc.a(_clear_bss.o)
 .bss           0x0000000000800218        0x0 c:/program files (x86)/avr-gcc-12.0.1_hhs/bin/../lib/gcc/avr/12.1.0/../../../../avr/lib/avr6\libm.a(addsf3.o)
 .bss           0x0000000000800218        0x0 c:/program files (x86)/avr-gcc-12.0.1_hhs/bin/../lib/gcc/avr/12.1.0/../../../../avr/lib/avr6\libm.a(addsf3x.o)
 .bss           0x0000000000800218        0x0 c:/program files (x86)/avr-gcc-12.0.1_hhs/bin/../lib/gcc/avr/12.1.0/../../../../avr/lib/avr6\libm.a(divsf3.o)
 .bss           0x0000000000800218        0x0 c:/program files (x86)/avr-gcc-12.0.1_hhs/bin/../lib/gcc/avr/12.1.0/../../../../avr/lib/avr6\libm.a(divsf3x.o)
 .bss           0x0000000000800218        0x0 c:/program files (x86)/avr-gcc-12.0.1_hhs/bin/../lib/gcc/avr/12.1.0/../../../../avr/lib/avr6\libm.a(fixsfsi.o)
 .bss           0x0000000000800218        0x0 c:/program files (x86)/avr-gcc-12.0.1_hhs/bin/../lib/gcc/avr/12.1.0/../../../../avr/lib/avr6\libm.a(fixunssfsi.o)
 .bss           0x0000000000800218        0x0 c:/program files (x86)/avr-gcc-12.0.1_hhs/bin/../lib/gcc/avr/12.1.0/../../../../avr/lib/avr6\libm.a(floatsisf.o)
 .bss           0x0000000000800218        0x0 c:/program files (x86)/avr-gcc-12.0.1_hhs/bin/../lib/gcc/avr/12.1.0/../../../../avr/lib/avr6\libm.a(fp_inf.o)
 .bss           0x0000000000800218        0x0 c:/program files (x86)/avr-gcc-12.0.1_hhs/bin/../lib/gcc/avr/12.1.0/../../../../avr/lib/avr6\libm.a(fp_nan.o)
 .bss           0x0000000000800218        0x0 c:/program files (x86)/avr-gcc-12.0.1_hhs/bin/../lib/gcc/avr/12.1.0/../../../../avr/lib/avr6\libm.a(fp_pscA.o)
 .bss           0x0000000000800218        0x0 c:/program files (x86)/avr-gcc-12.0.1_hhs/bin/../lib/gcc/avr/12.1.0/../../../../avr/lib/avr6\libm.a(fp_pscB.o)
 .bss           0x0000000000800218        0x0 c:/program files (x86)/avr-gcc-12.0.1_hhs/bin/../lib/gcc/avr/12.1.0/../../../../avr/lib/avr6\libm.a(fp_round.o)
 .bss           0x0000000000800218        0x0 c:/program files (x86)/avr-gcc-12.0.1_hhs/bin/../lib/gcc/avr/12.1.0/../../../../avr/lib/avr6\libm.a(fp_split3.o)
 .bss           0x0000000000800218        0x0 c:/program files (x86)/avr-gcc-12.0.1_hhs/bin/../lib/gcc/avr/12.1.0/../../../../avr/lib/avr6\libm.a(fp_zero.o)
 .bss           0x0000000000800218        0x0 c:/program files (x86)/avr-gcc-12.0.1_hhs/bin/../lib/gcc/avr/12.1.0/../../../../avr/lib/avr6\libm.a(mulsf3.o)
 .bss           0x0000000000800218        0x0 c:/program files (x86)/avr-gcc-12.0.1_hhs/bin/../lib/gcc/avr/12.1.0/../../../../avr/lib/avr6\libm.a(mulsf3x.o)
 *(.bss*)
 *(COMMON)
                0x0000000000800218                PROVIDE (__bss_end = .)
                0x0000000000001138                __data_load_start = LOADADDR (.data)
                0x0000000000001138                __data_load_end = (__data_load_start + SIZEOF (.data))

.noinit         0x0000000000800218        0x0
                [!provide]                        PROVIDE (__noinit_start = .)
 *(.noinit .noinit.* .gnu.linkonce.n.*)
                [!provide]                        PROVIDE (__noinit_end = .)
                0x0000000000800218                _end = .
                [!provide]                        PROVIDE (__heap_start = .)

.eeprom         0x0000000000810000        0x0
 *(.eeprom*)
                0x0000000000810000                __eeprom_end = .

.fuse           0x0000000000820000        0x3
 *(.fuse)
 .fuse          0x0000000000820000        0x3 obj\Debug\fuse.o
                0x0000000000820000                __fuse
 *(.lfuse)
 *(.hfuse)
 *(.efuse)

.lock
 *(.lock*)

.signature
 *(.signature*)

.stab
 *(.stab)

.stabstr
 *(.stabstr)

.stab.excl
 *(.stab.excl)

.stab.exclstr
 *(.stab.exclstr)

.stab.index
 *(.stab.index)

.stab.indexstr
 *(.stab.indexstr)

.comment        0x0000000000000000       0x12
 *(.comment)
 .comment       0x0000000000000000       0x12 obj\Debug\communicatie_lib.o
                                         0x13 (size before relaxing)
 .comment       0x0000000000000012       0x13 obj\Debug\fuse.o
 .comment       0x0000000000000012       0x13 obj\Debug\init.o
 .comment       0x0000000000000012       0x13 obj\Debug\main.o
 .comment       0x0000000000000012       0x13 obj\Debug\motor_lib.o
 .comment       0x0000000000000012       0x13 obj\Debug\navigatie_lib.o
 .comment       0x0000000000000012       0x13 obj\Debug\rfid_module_lib.o
 .comment       0x0000000000000012       0x13 obj\Debug\us_sensor_lib.o

.note.gnu.avr.deviceinfo
                0x0000000000000000       0x40
 .note.gnu.avr.deviceinfo
                0x0000000000000000       0x40 c:/program files (x86)/avr-gcc-12.0.1_hhs/bin/../lib/gcc/avr/12.1.0/../../../../avr/lib/avr6/crtatmega2560.o

.note.gnu.build-id
 *(.note.gnu.build-id)

.debug
 *(.debug)

.line
 *(.line)

.debug_srcinfo
 *(.debug_srcinfo)

.debug_sfnames
 *(.debug_sfnames)

.debug_aranges  0x0000000000000000      0x138
 *(.debug_aranges)
 .debug_aranges
                0x0000000000000000       0x20 obj\Debug\communicatie_lib.o
 .debug_aranges
                0x0000000000000020       0x18 obj\Debug\fuse.o
 .debug_aranges
                0x0000000000000038       0x20 obj\Debug\init.o
 .debug_aranges
                0x0000000000000058       0x20 obj\Debug\main.o
 .debug_aranges
                0x0000000000000078       0x20 obj\Debug\motor_lib.o
 .debug_aranges
                0x0000000000000098       0x20 obj\Debug\navigatie_lib.o
 .debug_aranges
                0x00000000000000b8       0x20 obj\Debug\rfid_module_lib.o
 .debug_aranges
                0x00000000000000d8       0x20 obj\Debug\us_sensor_lib.o
 .debug_aranges
                0x00000000000000f8       0x20 c:/program files (x86)/avr-gcc-12.0.1_hhs/bin/../lib/gcc/avr/12.1.0/avr6\libgcc.a(_exit.o)
 .debug_aranges
                0x0000000000000118       0x20 c:/program files (x86)/avr-gcc-12.0.1_hhs/bin/../lib/gcc/avr/12.1.0/avr6\libgcc.a(_clear_bss.o)

.debug_pubnames
 *(.debug_pubnames)

.debug_info     0x0000000000000000     0x1d5d
 *(.debug_info .gnu.linkonce.wi.*)
 .debug_info    0x0000000000000000      0xbbc c:/program files (x86)/avr-gcc-12.0.1_hhs/bin/../lib/gcc/avr/12.1.0/../../../../avr/lib/avr6/crtatmega2560.o
 .debug_info    0x0000000000000bbc       0x95 obj\Debug\communicatie_lib.o
 .debug_info    0x0000000000000c51       0xa2 obj\Debug\fuse.o
 .debug_info    0x0000000000000cf3      0x154 obj\Debug\init.o
 .debug_info    0x0000000000000e47       0xa2 obj\Debug\main.o
 .debug_info    0x0000000000000ee9      0x1c3 obj\Debug\motor_lib.o
 .debug_info    0x00000000000010ac      0x872 obj\Debug\navigatie_lib.o
 .debug_info    0x000000000000191e       0xae obj\Debug\rfid_module_lib.o
 .debug_info    0x00000000000019cc      0x349 obj\Debug\us_sensor_lib.o
 .debug_info    0x0000000000001d15       0x24 c:/program files (x86)/avr-gcc-12.0.1_hhs/bin/../lib/gcc/avr/12.1.0/avr6\libgcc.a(_exit.o)
 .debug_info    0x0000000000001d39       0x24 c:/program files (x86)/avr-gcc-12.0.1_hhs/bin/../lib/gcc/avr/12.1.0/avr6\libgcc.a(_clear_bss.o)

.debug_abbrev   0x0000000000000000     0x117e
 *(.debug_abbrev)
 .debug_abbrev  0x0000000000000000      0xb1a c:/program files (x86)/avr-gcc-12.0.1_hhs/bin/../lib/gcc/avr/12.1.0/../../../../avr/lib/avr6/crtatmega2560.o
 .debug_abbrev  0x0000000000000b1a       0x55 obj\Debug\communicatie_lib.o
 .debug_abbrev  0x0000000000000b6f       0x7b obj\Debug\fuse.o
 .debug_abbrev  0x0000000000000bea       0xa8 obj\Debug\init.o
 .debug_abbrev  0x0000000000000c92       0x71 obj\Debug\main.o
 .debug_abbrev  0x0000000000000d03       0xcb obj\Debug\motor_lib.o
 .debug_abbrev  0x0000000000000dce      0x1d9 obj\Debug\navigatie_lib.o
 .debug_abbrev  0x0000000000000fa7       0x6f obj\Debug\rfid_module_lib.o
 .debug_abbrev  0x0000000000001016      0x140 obj\Debug\us_sensor_lib.o
 .debug_abbrev  0x0000000000001156       0x14 c:/program files (x86)/avr-gcc-12.0.1_hhs/bin/../lib/gcc/avr/12.1.0/avr6\libgcc.a(_exit.o)
 .debug_abbrev  0x000000000000116a       0x14 c:/program files (x86)/avr-gcc-12.0.1_hhs/bin/../lib/gcc/avr/12.1.0/avr6\libgcc.a(_clear_bss.o)

.debug_line     0x0000000000000000     0x195a
 *(.debug_line .debug_line.* .debug_line_end)
 .debug_line    0x0000000000000000       0x1d c:/program files (x86)/avr-gcc-12.0.1_hhs/bin/../lib/gcc/avr/12.1.0/../../../../avr/lib/avr6/crtatmega2560.o
 .debug_line    0x000000000000001d       0xc2 obj\Debug\communicatie_lib.o
 .debug_line    0x00000000000000df       0x3f obj\Debug\fuse.o
 .debug_line    0x000000000000011e      0x429 obj\Debug\init.o
 .debug_line    0x0000000000000547       0x83 obj\Debug\main.o
 .debug_line    0x00000000000005ca      0x289 obj\Debug\motor_lib.o
 .debug_line    0x0000000000000853      0x939 obj\Debug\navigatie_lib.o
 .debug_line    0x000000000000118c       0xa2 obj\Debug\rfid_module_lib.o
 .debug_line    0x000000000000122e      0x666 obj\Debug\us_sensor_lib.o
 .debug_line    0x0000000000001894       0x51 c:/program files (x86)/avr-gcc-12.0.1_hhs/bin/../lib/gcc/avr/12.1.0/avr6\libgcc.a(_exit.o)
 .debug_line    0x00000000000018e5       0x75 c:/program files (x86)/avr-gcc-12.0.1_hhs/bin/../lib/gcc/avr/12.1.0/avr6\libgcc.a(_clear_bss.o)

.debug_frame    0x0000000000000000      0x360
 *(.debug_frame)
 .debug_frame   0x0000000000000000       0x40 obj\Debug\communicatie_lib.o
 .debug_frame   0x0000000000000040       0xdc obj\Debug\init.o
 .debug_frame   0x000000000000011c       0x24 obj\Debug\main.o
 .debug_frame   0x0000000000000140       0x64 obj\Debug\motor_lib.o
 .debug_frame   0x00000000000001a4      0x104 obj\Debug\navigatie_lib.o
 .debug_frame   0x00000000000002a8       0x24 obj\Debug\rfid_module_lib.o
 .debug_frame   0x00000000000002cc       0x94 obj\Debug\us_sensor_lib.o

.debug_str      0x0000000000000000      0x861
 *(.debug_str)
 .debug_str     0x0000000000000000      0x3e9 c:/program files (x86)/avr-gcc-12.0.1_hhs/bin/../lib/gcc/avr/12.1.0/../../../../avr/lib/avr6/crtatmega2560.o
 .debug_str     0x00000000000003e9       0xb7 obj\Debug\communicatie_lib.o
                                         0xeb (size before relaxing)
 .debug_str     0x00000000000004a0       0x1e obj\Debug\fuse.o
                                         0xdc (size before relaxing)
 .debug_str     0x00000000000004be       0x80 obj\Debug\init.o
                                        0x146 (size before relaxing)
 .debug_str     0x000000000000053e        0x5 obj\Debug\main.o
                                         0xdc (size before relaxing)
 .debug_str     0x0000000000000543       0xa0 obj\Debug\motor_lib.o
                                        0x175 (size before relaxing)
 .debug_str     0x00000000000005e3      0x199 obj\Debug\navigatie_lib.o
                                        0x2f0 (size before relaxing)
 .debug_str     0x000000000000077c       0xfa obj\Debug\rfid_module_lib.o
 .debug_str     0x000000000000077c       0x86 obj\Debug\us_sensor_lib.o
                                        0x1c2 (size before relaxing)
 .debug_str     0x0000000000000802       0x5f c:/program files (x86)/avr-gcc-12.0.1_hhs/bin/../lib/gcc/avr/12.1.0/avr6\libgcc.a(_exit.o)
 .debug_str     0x0000000000000861       0x5f c:/program files (x86)/avr-gcc-12.0.1_hhs/bin/../lib/gcc/avr/12.1.0/avr6\libgcc.a(_clear_bss.o)

.debug_loc
 *(.debug_loc)

.debug_macinfo
 *(.debug_macinfo)

.debug_weaknames
 *(.debug_weaknames)

.debug_funcnames
 *(.debug_funcnames)

.debug_typenames
 *(.debug_typenames)

.debug_varnames
 *(.debug_varnames)

.debug_pubtypes
 *(.debug_pubtypes)

.debug_ranges
 *(.debug_ranges)

.debug_addr
 *(.debug_addr)

.debug_line_str
                0x0000000000000000      0x231
 *(.debug_line_str)
 .debug_line_str
                0x0000000000000000       0xa8 obj\Debug\communicatie_lib.o
                                        0x124 (size before relaxing)
 .debug_line_str
                0x00000000000000a8       0x48 obj\Debug\fuse.o
                                        0x102 (size before relaxing)
 .debug_line_str
                0x00000000000000f0       0x17 obj\Debug\init.o
                                        0x110 (size before relaxing)
 .debug_line_str
                0x0000000000000107       0x20 obj\Debug\main.o
                                        0x119 (size before relaxing)
 .debug_line_str
                0x0000000000000127       0x18 obj\Debug\motor_lib.o
                                        0x11b (size before relaxing)
 .debug_line_str
                0x000000000000013f       0x33 obj\Debug\navigatie_lib.o
                                        0x14a (size before relaxing)
 .debug_line_str
                0x0000000000000172       0x12 obj\Debug\rfid_module_lib.o
                                        0x144 (size before relaxing)
 .debug_line_str
                0x0000000000000184       0x5a obj\Debug\us_sensor_lib.o
                                        0x165 (size before relaxing)
 .debug_line_str
                0x00000000000001de       0x53 c:/program files (x86)/avr-gcc-12.0.1_hhs/bin/../lib/gcc/avr/12.1.0/avr6\libgcc.a(_exit.o)
                                         0x5f (size before relaxing)
 .debug_line_str
                0x0000000000000231       0x5f c:/program files (x86)/avr-gcc-12.0.1_hhs/bin/../lib/gcc/avr/12.1.0/avr6\libgcc.a(_clear_bss.o)

.debug_loclists
                0x0000000000000000      0x526
 *(.debug_loclists)
 .debug_loclists
                0x0000000000000000       0xf6 obj\Debug\motor_lib.o
 .debug_loclists
                0x00000000000000f6      0x2b2 obj\Debug\navigatie_lib.o
 .debug_loclists
                0x00000000000003a8      0x17e obj\Debug\us_sensor_lib.o

.debug_macro
 *(.debug_macro)

.debug_names
 *(.debug_names)

.debug_rnglists
                0x0000000000000000       0x2c
 *(.debug_rnglists)
 .debug_rnglists
                0x0000000000000000       0x2c obj\Debug\navigatie_lib.o

.debug_str_offsets
 *(.debug_str_offsets)

.debug_sup
 *(.debug_sup)
OUTPUT(bin\Debug\AGV_project_deel2.elf elf32-avr)
LOAD linker stubs

Cross Reference Table

Symbol                                            File
__FUSE_REGION_LENGTH__                            c:/program files (x86)/avr-gcc-12.0.1_hhs/bin/../lib/gcc/avr/12.1.0/../../../../avr/lib/avr6/crtatmega2560.o
__addsf3                                          c:/program files (x86)/avr-gcc-12.0.1_hhs/bin/../lib/gcc/avr/12.1.0/../../../../avr/lib/avr6\libm.a(addsf3.o)
__addsf3x                                         c:/program files (x86)/avr-gcc-12.0.1_hhs/bin/../lib/gcc/avr/12.1.0/../../../../avr/lib/avr6\libm.a(addsf3x.o)
                                                  c:/program files (x86)/avr-gcc-12.0.1_hhs/bin/../lib/gcc/avr/12.1.0/../../../../avr/lib/avr6\libm.a(addsf3.o)
__bad_interrupt                                   c:/program files (x86)/avr-gcc-12.0.1_hhs/bin/../lib/gcc/avr/12.1.0/../../../../avr/lib/avr6/crtatmega2560.o
__bss_end                                         c:/program files (x86)/avr-gcc-12.0.1_hhs/bin/../lib/gcc/avr/12.1.0/avr6\libgcc.a(_clear_bss.o)
__bss_start                                       c:/program files (x86)/avr-gcc-12.0.1_hhs/bin/../lib/gcc/avr/12.1.0/avr6\libgcc.a(_clear_bss.o)
__divsf3                                          c:/program files (x86)/avr-gcc-12.0.1_hhs/bin/../lib/gcc/avr/12.1.0/../../../../avr/lib/avr6\libm.a(divsf3.o)
                                                  obj\Debug\navigatie_lib.o
__divsf3_pse                                      c:/program files (x86)/avr-gcc-12.0.1_hhs/bin/../lib/gcc/avr/12.1.0/../../../../avr/lib/avr6\libm.a(divsf3x.o)
__divsf3x                                         c:/program files (x86)/avr-gcc-12.0.1_hhs/bin/../lib/gcc/avr/12.1.0/../../../../avr/lib/avr6\libm.a(divsf3x.o)
                                                  c:/program files (x86)/avr-gcc-12.0.1_hhs/bin/../lib/gcc/avr/12.1.0/../../../../avr/lib/avr6\libm.a(divsf3.o)
__do_clear_bss                                    c:/program files (x86)/avr-gcc-12.0.1_hhs/bin/../lib/gcc/avr/12.1.0/avr6\libgcc.a(_clear_bss.o)
                                                  obj\Debug\navigatie_lib.o
__fixsfsi                                         c:/program files (x86)/avr-gcc-12.0.1_hhs/bin/../lib/gcc/avr/12.1.0/../../../../avr/lib/avr6\libm.a(fixsfsi.o)
                                                  obj\Debug\motor_lib.o
__fixunssfsi                                      c:/program files (x86)/avr-gcc-12.0.1_hhs/bin/../lib/gcc/avr/12.1.0/../../../../avr/lib/avr6\libm.a(fixunssfsi.o)
                                                  c:/program files (x86)/avr-gcc-12.0.1_hhs/bin/../lib/gcc/avr/12.1.0/../../../../avr/lib/avr6\libm.a(fixsfsi.o)
                                                  obj\Debug\us_sensor_lib.o
__floatsisf                                       c:/program files (x86)/avr-gcc-12.0.1_hhs/bin/../lib/gcc/avr/12.1.0/../../../../avr/lib/avr6\libm.a(floatsisf.o)
                                                  obj\Debug\navigatie_lib.o
__floatunsisf                                     c:/program files (x86)/avr-gcc-12.0.1_hhs/bin/../lib/gcc/avr/12.1.0/../../../../avr/lib/avr6\libm.a(floatsisf.o)
                                                  obj\Debug\us_sensor_lib.o
__fp_inf                                          c:/program files (x86)/avr-gcc-12.0.1_hhs/bin/../lib/gcc/avr/12.1.0/../../../../avr/lib/avr6\libm.a(fp_inf.o)
                                                  c:/program files (x86)/avr-gcc-12.0.1_hhs/bin/../lib/gcc/avr/12.1.0/../../../../avr/lib/avr6\libm.a(mulsf3x.o)
                                                  c:/program files (x86)/avr-gcc-12.0.1_hhs/bin/../lib/gcc/avr/12.1.0/../../../../avr/lib/avr6\libm.a(divsf3x.o)
                                                  c:/program files (x86)/avr-gcc-12.0.1_hhs/bin/../lib/gcc/avr/12.1.0/../../../../avr/lib/avr6\libm.a(addsf3x.o)
__fp_nan                                          c:/program files (x86)/avr-gcc-12.0.1_hhs/bin/../lib/gcc/avr/12.1.0/../../../../avr/lib/avr6\libm.a(fp_nan.o)
                                                  c:/program files (x86)/avr-gcc-12.0.1_hhs/bin/../lib/gcc/avr/12.1.0/../../../../avr/lib/avr6\libm.a(mulsf3x.o)
                                                  c:/program files (x86)/avr-gcc-12.0.1_hhs/bin/../lib/gcc/avr/12.1.0/../../../../avr/lib/avr6\libm.a(divsf3x.o)
                                                  c:/program files (x86)/avr-gcc-12.0.1_hhs/bin/../lib/gcc/avr/12.1.0/../../../../avr/lib/avr6\libm.a(addsf3x.o)
__fp_pscA                                         c:/program files (x86)/avr-gcc-12.0.1_hhs/bin/../lib/gcc/avr/12.1.0/../../../../avr/lib/avr6\libm.a(fp_pscA.o)
                                                  c:/program files (x86)/avr-gcc-12.0.1_hhs/bin/../lib/gcc/avr/12.1.0/../../../../avr/lib/avr6\libm.a(mulsf3x.o)
                                                  c:/program files (x86)/avr-gcc-12.0.1_hhs/bin/../lib/gcc/avr/12.1.0/../../../../avr/lib/avr6\libm.a(divsf3x.o)
                                                  c:/program files (x86)/avr-gcc-12.0.1_hhs/bin/../lib/gcc/avr/12.1.0/../../../../avr/lib/avr6\libm.a(addsf3x.o)
__fp_pscB                                         c:/program files (x86)/avr-gcc-12.0.1_hhs/bin/../lib/gcc/avr/12.1.0/../../../../avr/lib/avr6\libm.a(fp_pscB.o)
                                                  c:/program files (x86)/avr-gcc-12.0.1_hhs/bin/../lib/gcc/avr/12.1.0/../../../../avr/lib/avr6\libm.a(mulsf3x.o)
                                                  c:/program files (x86)/avr-gcc-12.0.1_hhs/bin/../lib/gcc/avr/12.1.0/../../../../avr/lib/avr6\libm.a(divsf3x.o)
                                                  c:/program files (x86)/avr-gcc-12.0.1_hhs/bin/../lib/gcc/avr/12.1.0/../../../../avr/lib/avr6\libm.a(addsf3x.o)
__fp_round                                        c:/program files (x86)/avr-gcc-12.0.1_hhs/bin/../lib/gcc/avr/12.1.0/../../../../avr/lib/avr6\libm.a(fp_round.o)
                                                  c:/program files (x86)/avr-gcc-12.0.1_hhs/bin/../lib/gcc/avr/12.1.0/../../../../avr/lib/avr6\libm.a(mulsf3.o)
                                                  c:/program files (x86)/avr-gcc-12.0.1_hhs/bin/../lib/gcc/avr/12.1.0/../../../../avr/lib/avr6\libm.a(divsf3.o)
                                                  c:/program files (x86)/avr-gcc-12.0.1_hhs/bin/../lib/gcc/avr/12.1.0/../../../../avr/lib/avr6\libm.a(addsf3.o)
__fp_split3                                       c:/program files (x86)/avr-gcc-12.0.1_hhs/bin/../lib/gcc/avr/12.1.0/../../../../avr/lib/avr6\libm.a(fp_split3.o)
                                                  c:/program files (x86)/avr-gcc-12.0.1_hhs/bin/../lib/gcc/avr/12.1.0/../../../../avr/lib/avr6\libm.a(mulsf3x.o)
                                                  c:/program files (x86)/avr-gcc-12.0.1_hhs/bin/../lib/gcc/avr/12.1.0/../../../../avr/lib/avr6\libm.a(divsf3x.o)
                                                  c:/program files (x86)/avr-gcc-12.0.1_hhs/bin/../lib/gcc/avr/12.1.0/../../../../avr/lib/avr6\libm.a(addsf3x.o)
__fp_splitA                                       c:/program files (x86)/avr-gcc-12.0.1_hhs/bin/../lib/gcc/avr/12.1.0/../../../../avr/lib/avr6\libm.a(fp_split3.o)
                                                  c:/program files (x86)/avr-gcc-12.0.1_hhs/bin/../lib/gcc/avr/12.1.0/../../../../avr/lib/avr6\libm.a(fixunssfsi.o)
__fp_szero                                        c:/program files (x86)/avr-gcc-12.0.1_hhs/bin/../lib/gcc/avr/12.1.0/../../../../avr/lib/avr6\libm.a(fp_zero.o)
                                                  c:/program files (x86)/avr-gcc-12.0.1_hhs/bin/../lib/gcc/avr/12.1.0/../../../../avr/lib/avr6\libm.a(mulsf3x.o)
                                                  c:/program files (x86)/avr-gcc-12.0.1_hhs/bin/../lib/gcc/avr/12.1.0/../../../../avr/lib/avr6\libm.a(fixsfsi.o)
                                                  c:/program files (x86)/avr-gcc-12.0.1_hhs/bin/../lib/gcc/avr/12.1.0/../../../../avr/lib/avr6\libm.a(divsf3x.o)
__fp_zero                                         c:/program files (x86)/avr-gcc-12.0.1_hhs/bin/../lib/gcc/avr/12.1.0/../../../../avr/lib/avr6\libm.a(fp_zero.o)
                                                  c:/program files (x86)/avr-gcc-12.0.1_hhs/bin/../lib/gcc/avr/12.1.0/../../../../avr/lib/avr6\libm.a(fixunssfsi.o)
                                                  c:/program files (x86)/avr-gcc-12.0.1_hhs/bin/../lib/gcc/avr/12.1.0/../../../../avr/lib/avr6\libm.a(addsf3x.o)
__fuse                                            obj\Debug\fuse.o
__heap_end                                        c:/program files (x86)/avr-gcc-12.0.1_hhs/bin/../lib/gcc/avr/12.1.0/../../../../avr/lib/avr6/crtatmega2560.o
__init                                            c:/program files (x86)/avr-gcc-12.0.1_hhs/bin/../lib/gcc/avr/12.1.0/../../../../avr/lib/avr6/crtatmega2560.o
__mulsf3                                          c:/program files (x86)/avr-gcc-12.0.1_hhs/bin/../lib/gcc/avr/12.1.0/../../../../avr/lib/avr6\libm.a(mulsf3.o)
                                                  obj\Debug\us_sensor_lib.o
                                                  obj\Debug\motor_lib.o
__mulsf3_pse                                      c:/program files (x86)/avr-gcc-12.0.1_hhs/bin/../lib/gcc/avr/12.1.0/../../../../avr/lib/avr6\libm.a(mulsf3x.o)
__mulsf3x                                         c:/program files (x86)/avr-gcc-12.0.1_hhs/bin/../lib/gcc/avr/12.1.0/../../../../avr/lib/avr6\libm.a(mulsf3x.o)
                                                  c:/program files (x86)/avr-gcc-12.0.1_hhs/bin/../lib/gcc/avr/12.1.0/../../../../avr/lib/avr6\libm.a(mulsf3.o)
__stack                                           c:/program files (x86)/avr-gcc-12.0.1_hhs/bin/../lib/gcc/avr/12.1.0/../../../../avr/lib/avr6/crtatmega2560.o
__subsf3                                          c:/program files (x86)/avr-gcc-12.0.1_hhs/bin/../lib/gcc/avr/12.1.0/../../../../avr/lib/avr6\libm.a(addsf3.o)
                                                  obj\Debug\navigatie_lib.o
__vector_1                                        obj\Debug\init.o
                                                  c:/program files (x86)/avr-gcc-12.0.1_hhs/bin/../lib/gcc/avr/12.1.0/../../../../avr/lib/avr6/crtatmega2560.o
__vector_10                                       c:/program files (x86)/avr-gcc-12.0.1_hhs/bin/../lib/gcc/avr/12.1.0/../../../../avr/lib/avr6/crtatmega2560.o
__vector_11                                       c:/program files (x86)/avr-gcc-12.0.1_hhs/bin/../lib/gcc/avr/12.1.0/../../../../avr/lib/avr6/crtatmega2560.o
__vector_12                                       c:/program files (x86)/avr-gcc-12.0.1_hhs/bin/../lib/gcc/avr/12.1.0/../../../../avr/lib/avr6/crtatmega2560.o
__vector_13                                       c:/program files (x86)/avr-gcc-12.0.1_hhs/bin/../lib/gcc/avr/12.1.0/../../../../avr/lib/avr6/crtatmega2560.o
__vector_14                                       c:/program files (x86)/avr-gcc-12.0.1_hhs/bin/../lib/gcc/avr/12.1.0/../../../../avr/lib/avr6/crtatmega2560.o
__vector_15                                       c:/program files (x86)/avr-gcc-12.0.1_hhs/bin/../lib/gcc/avr/12.1.0/../../../../avr/lib/avr6/crtatmega2560.o
__vector_16                                       c:/program files (x86)/avr-gcc-12.0.1_hhs/bin/../lib/gcc/avr/12.1.0/../../../../avr/lib/avr6/crtatmega2560.o
__vector_17                                       c:/program files (x86)/avr-gcc-12.0.1_hhs/bin/../lib/gcc/avr/12.1.0/../../../../avr/lib/avr6/crtatmega2560.o
__vector_18                                       c:/program files (x86)/avr-gcc-12.0.1_hhs/bin/../lib/gcc/avr/12.1.0/../../../../avr/lib/avr6/crtatmega2560.o
__vector_19                                       c:/program files (x86)/avr-gcc-12.0.1_hhs/bin/../lib/gcc/avr/12.1.0/../../../../avr/lib/avr6/crtatmega2560.o
__vector_2                                        c:/program files (x86)/avr-gcc-12.0.1_hhs/bin/../lib/gcc/avr/12.1.0/../../../../avr/lib/avr6/crtatmega2560.o
__vector_20                                       c:/program files (x86)/avr-gcc-12.0.1_hhs/bin/../lib/gcc/avr/12.1.0/../../../../avr/lib/avr6/crtatmega2560.o
__vector_21                                       c:/program files (x86)/avr-gcc-12.0.1_hhs/bin/../lib/gcc/avr/12.1.0/../../../../avr/lib/avr6/crtatmega2560.o
__vector_22                                       c:/program files (x86)/avr-gcc-12.0.1_hhs/bin/../lib/gcc/avr/12.1.0/../../../../avr/lib/avr6/crtatmega2560.o
__vector_23                                       c:/program files (x86)/avr-gcc-12.0.1_hhs/bin/../lib/gcc/avr/12.1.0/../../../../avr/lib/avr6/crtatmega2560.o
__vector_24                                       c:/program files (x86)/avr-gcc-12.0.1_hhs/bin/../lib/gcc/avr/12.1.0/../../../../avr/lib/avr6/crtatmega2560.o
__vector_25                                       c:/program files (x86)/avr-gcc-12.0.1_hhs/bin/../lib/gcc/avr/12.1.0/../../../../avr/lib/avr6/crtatmega2560.o
__vector_26                                       c:/program files (x86)/avr-gcc-12.0.1_hhs/bin/../lib/gcc/avr/12.1.0/../../../../avr/lib/avr6/crtatmega2560.o
__vector_27                                       c:/program files (x86)/avr-gcc-12.0.1_hhs/bin/../lib/gcc/avr/12.1.0/../../../../avr/lib/avr6/crtatmega2560.o
__vector_28                                       c:/program files (x86)/avr-gcc-12.0.1_hhs/bin/../lib/gcc/avr/12.1.0/../../../../avr/lib/avr6/crtatmega2560.o
__vector_29                                       c:/program files (x86)/avr-gcc-12.0.1_hhs/bin/../lib/gcc/avr/12.1.0/../../../../avr/lib/avr6/crtatmega2560.o
__vector_3                                        c:/program files (x86)/avr-gcc-12.0.1_hhs/bin/../lib/gcc/avr/12.1.0/../../../../avr/lib/avr6/crtatmega2560.o
__vector_30                                       c:/program files (x86)/avr-gcc-12.0.1_hhs/bin/../lib/gcc/avr/12.1.0/../../../../avr/lib/avr6/crtatmega2560.o
__vector_31                                       c:/program files (x86)/avr-gcc-12.0.1_hhs/bin/../lib/gcc/avr/12.1.0/../../../../avr/lib/avr6/crtatmega2560.o
__vector_32                                       c:/program files (x86)/avr-gcc-12.0.1_hhs/bin/../lib/gcc/avr/12.1.0/../../../../avr/lib/avr6/crtatmega2560.o
__vector_33                                       c:/program files (x86)/avr-gcc-12.0.1_hhs/bin/../lib/gcc/avr/12.1.0/../../../../avr/lib/avr6/crtatmega2560.o
__vector_34                                       c:/program files (x86)/avr-gcc-12.0.1_hhs/bin/../lib/gcc/avr/12.1.0/../../../../avr/lib/avr6/crtatmega2560.o
__vector_35                                       obj\Debug\communicatie_lib.o
                                                  c:/program files (x86)/avr-gcc-12.0.1_hhs/bin/../lib/gcc/avr/12.1.0/../../../../avr/lib/avr6/crtatmega2560.o
__vector_36                                       c:/program files (x86)/avr-gcc-12.0.1_hhs/bin/../lib/gcc/avr/12.1.0/../../../../avr/lib/avr6/crtatmega2560.o
__vector_37                                       c:/program files (x86)/avr-gcc-12.0.1_hhs/bin/../lib/gcc/avr/12.1.0/../../../../avr/lib/avr6/crtatmega2560.o
__vector_38                                       c:/program files (x86)/avr-gcc-12.0.1_hhs/bin/../lib/gcc/avr/12.1.0/../../../../avr/lib/avr6/crtatmega2560.o
__vector_39                                       c:/program files (x86)/avr-gcc-12.0.1_hhs/bin/../lib/gcc/avr/12.1.0/../../../../avr/lib/avr6/crtatmega2560.o
__vector_4                                        c:/program files (x86)/avr-gcc-12.0.1_hhs/bin/../lib/gcc/avr/12.1.0/../../../../avr/lib/avr6/crtatmega2560.o
__vector_40                                       c:/program files (x86)/avr-gcc-12.0.1_hhs/bin/../lib/gcc/avr/12.1.0/../../../../avr/lib/avr6/crtatmega2560.o
__vector_41                                       c:/program files (x86)/avr-gcc-12.0.1_hhs/bin/../lib/gcc/avr/12.1.0/../../../../avr/lib/avr6/crtatmega2560.o
__vector_42                                       c:/program files (x86)/avr-gcc-12.0.1_hhs/bin/../lib/gcc/avr/12.1.0/../../../../avr/lib/avr6/crtatmega2560.o
__vector_43                                       c:/program files (x86)/avr-gcc-12.0.1_hhs/bin/../lib/gcc/avr/12.1.0/../../../../avr/lib/avr6/crtatmega2560.o
__vector_44                                       c:/program files (x86)/avr-gcc-12.0.1_hhs/bin/../lib/gcc/avr/12.1.0/../../../../avr/lib/avr6/crtatmega2560.o
__vector_45                                       c:/program files (x86)/avr-gcc-12.0.1_hhs/bin/../lib/gcc/avr/12.1.0/../../../../avr/lib/avr6/crtatmega2560.o
__vector_46                                       c:/program files (x86)/avr-gcc-12.0.1_hhs/bin/../lib/gcc/avr/12.1.0/../../../../avr/lib/avr6/crtatmega2560.o
__vector_47                                       c:/program files (x86)/avr-gcc-12.0.1_hhs/bin/../lib/gcc/avr/12.1.0/../../../../avr/lib/avr6/crtatmega2560.o
__vector_48                                       c:/program files (x86)/avr-gcc-12.0.1_hhs/bin/../lib/gcc/avr/12.1.0/../../../../avr/lib/avr6/crtatmega2560.o
__vector_49                                       c:/program files (x86)/avr-gcc-12.0.1_hhs/bin/../lib/gcc/avr/12.1.0/../../../../avr/lib/avr6/crtatmega2560.o
__vector_5                                        obj\Debug\init.o
                                                  c:/program files (x86)/avr-gcc-12.0.1_hhs/bin/../lib/gcc/avr/12.1.0/../../../../avr/lib/avr6/crtatmega2560.o
__vector_50                                       c:/program files (x86)/avr-gcc-12.0.1_hhs/bin/../lib/gcc/avr/12.1.0/../../../../avr/lib/avr6/crtatmega2560.o
__vector_51                                       c:/program files (x86)/avr-gcc-12.0.1_hhs/bin/../lib/gcc/avr/12.1.0/../../../../avr/lib/avr6/crtatmega2560.o
__vector_52                                       c:/program files (x86)/avr-gcc-12.0.1_hhs/bin/../lib/gcc/avr/12.1.0/../../../../avr/lib/avr6/crtatmega2560.o
__vector_53                                       c:/program files (x86)/avr-gcc-12.0.1_hhs/bin/../lib/gcc/avr/12.1.0/../../../../avr/lib/avr6/crtatmega2560.o
__vector_54                                       c:/program files (x86)/avr-gcc-12.0.1_hhs/bin/../lib/gcc/avr/12.1.0/../../../../avr/lib/avr6/crtatmega2560.o
__vector_55                                       c:/program files (x86)/avr-gcc-12.0.1_hhs/bin/../lib/gcc/avr/12.1.0/../../../../avr/lib/avr6/crtatmega2560.o
__vector_56                                       c:/program files (x86)/avr-gcc-12.0.1_hhs/bin/../lib/gcc/avr/12.1.0/../../../../avr/lib/avr6/crtatmega2560.o
__vector_6                                        c:/program files (x86)/avr-gcc-12.0.1_hhs/bin/../lib/gcc/avr/12.1.0/../../../../avr/lib/avr6/crtatmega2560.o
__vector_7                                        c:/program files (x86)/avr-gcc-12.0.1_hhs/bin/../lib/gcc/avr/12.1.0/../../../../avr/lib/avr6/crtatmega2560.o
__vector_8                                        c:/program files (x86)/avr-gcc-12.0.1_hhs/bin/../lib/gcc/avr/12.1.0/../../../../avr/lib/avr6/crtatmega2560.o
__vector_9                                        c:/program files (x86)/avr-gcc-12.0.1_hhs/bin/../lib/gcc/avr/12.1.0/../../../../avr/lib/avr6/crtatmega2560.o
__vector_default                                  c:/program files (x86)/avr-gcc-12.0.1_hhs/bin/../lib/gcc/avr/12.1.0/../../../../avr/lib/avr6/crtatmega2560.o
__vectors                                         c:/program files (x86)/avr-gcc-12.0.1_hhs/bin/../lib/gcc/avr/12.1.0/../../../../avr/lib/avr6/crtatmega2560.o
_exit                                             c:/program files (x86)/avr-gcc-12.0.1_hhs/bin/../lib/gcc/avr/12.1.0/avr6\libgcc.a(_exit.o)
acknowledge_agv                                   obj\Debug\communicatie_lib.o
                                                  obj\Debug\rfid_module_lib.o
                                                  obj\Debug\navigatie_lib.o
exit                                              c:/program files (x86)/avr-gcc-12.0.1_hhs/bin/../lib/gcc/avr/12.1.0/avr6\libgcc.a(_exit.o)
                                                  c:/program files (x86)/avr-gcc-12.0.1_hhs/bin/../lib/gcc/avr/12.1.0/../../../../avr/lib/avr6/crtatmega2560.o
init                                              obj\Debug\init.o
                                                  obj\Debug\main.o
init_communicatie                                 obj\Debug\init.o
init_h_brug_dual                                  obj\Debug\init.o
init_lijndetectieIR                               obj\Debug\init.o
init_rfid_module                                  obj\Debug\init.o
init_us_sensor                                    obj\Debug\init.o
kerenR                                            obj\Debug\navigatie_lib.o
                                                  obj\Debug\rfid_module_lib.o
lijnInterrupt                                     obj\Debug\navigatie_lib.o
                                                  obj\Debug\init.o
main                                              obj\Debug\main.o
                                                  c:/program files (x86)/avr-gcc-12.0.1_hhs/bin/../lib/gcc/avr/12.1.0/../../../../avr/lib/avr6/crtatmega2560.o
motor_L                                           obj\Debug\motor_lib.o
                                                  obj\Debug\navigatie_lib.o
motor_R                                           obj\Debug\motor_lib.o
                                                  obj\Debug\navigatie_lib.o
motor_config                                      obj\Debug\motor_lib.o
                                                  obj\Debug\navigatie_lib.o
padNavigerenKant                                  obj\Debug\navigatie_lib.o
padNavigerenNorm                                  obj\Debug\navigatie_lib.o
                                                  obj\Debug\rfid_module_lib.o
percentageSteering_L                              obj\Debug\navigatie_lib.o
percentageSteering_R                              obj\Debug\navigatie_lib.o
rfid_module                                       obj\Debug\rfid_module_lib.o
                                                  obj\Debug\main.o
ultrasoonAfstand_L_ACHTER                         obj\Debug\us_sensor_lib.o
                                                  obj\Debug\navigatie_lib.o
ultrasoonAfstand_L_VOOR                           obj\Debug\us_sensor_lib.o
                                                  obj\Debug\navigatie_lib.o
ultrasoonAfstand_R_ACHTER                         obj\Debug\us_sensor_lib.o
                                                  obj\Debug\navigatie_lib.o
ultrasoonAfstand_R_VOOR                           obj\Debug\us_sensor_lib.o
                                                  obj\Debug\navigatie_lib.o
