Archive member included to satisfy reference by file (symbol)

c:/program files (x86)/avr-gcc-12.0.1_hhs/bin/../lib/gcc/avr/12.1.0/avr6\libgcc.a(_exit.o)
                              c:/program files (x86)/avr-gcc-12.0.1_hhs/bin/../lib/gcc/avr/12.1.0/../../../../avr/lib/avr6/crtatmega2560.o (exit)
c:/program files (x86)/avr-gcc-12.0.1_hhs/bin/../lib/gcc/avr/12.1.0/avr6\libgcc.a(_clear_bss.o)
                              obj\Debug\navigatie_lib.o (__do_clear_bss)
c:/program files (x86)/avr-gcc-12.0.1_hhs/bin/../lib/gcc/avr/12.1.0/../../../../avr/lib/avr6\libm.a(addsf3.o)
                              obj\Debug\navigatie_lib.o (__subsf3)
c:/program files (x86)/avr-gcc-12.0.1_hhs/bin/../lib/gcc/avr/12.1.0/../../../../avr/lib/avr6\libm.a(addsf3x.o)
                              c:/program files (x86)/avr-gcc-12.0.1_hhs/bin/../lib/gcc/avr/12.1.0/../../../../avr/lib/avr6\libm.a(addsf3.o) (__addsf3x)
c:/program files (x86)/avr-gcc-12.0.1_hhs/bin/../lib/gcc/avr/12.1.0/../../../../avr/lib/avr6\libm.a(divsf3.o)
                              obj\Debug\navigatie_lib.o (__divsf3)
c:/program files (x86)/avr-gcc-12.0.1_hhs/bin/../lib/gcc/avr/12.1.0/../../../../avr/lib/avr6\libm.a(divsf3x.o)
                              c:/program files (x86)/avr-gcc-12.0.1_hhs/bin/../lib/gcc/avr/12.1.0/../../../../avr/lib/avr6\libm.a(divsf3.o) (__divsf3x)
c:/program files (x86)/avr-gcc-12.0.1_hhs/bin/../lib/gcc/avr/12.1.0/../../../../avr/lib/avr6\libm.a(fixsfsi.o)
                              obj\Debug\motor_lib.o (__fixsfsi)
c:/program files (x86)/avr-gcc-12.0.1_hhs/bin/../lib/gcc/avr/12.1.0/../../../../avr/lib/avr6\libm.a(fixunssfsi.o)
                              obj\Debug\us_sensor_lib.o (__fixunssfsi)
c:/program files (x86)/avr-gcc-12.0.1_hhs/bin/../lib/gcc/avr/12.1.0/../../../../avr/lib/avr6\libm.a(floatsisf.o)
                              obj\Debug\us_sensor_lib.o (__floatunsisf)
c:/program files (x86)/avr-gcc-12.0.1_hhs/bin/../lib/gcc/avr/12.1.0/../../../../avr/lib/avr6\libm.a(fp_inf.o)
                              c:/program files (x86)/avr-gcc-12.0.1_hhs/bin/../lib/gcc/avr/12.1.0/../../../../avr/lib/avr6\libm.a(addsf3x.o) (__fp_inf)
c:/program files (x86)/avr-gcc-12.0.1_hhs/bin/../lib/gcc/avr/12.1.0/../../../../avr/lib/avr6\libm.a(fp_nan.o)
                              c:/program files (x86)/avr-gcc-12.0.1_hhs/bin/../lib/gcc/avr/12.1.0/../../../../avr/lib/avr6\libm.a(addsf3x.o) (__fp_nan)
c:/program files (x86)/avr-gcc-12.0.1_hhs/bin/../lib/gcc/avr/12.1.0/../../../../avr/lib/avr6\libm.a(fp_pscA.o)
                              c:/program files (x86)/avr-gcc-12.0.1_hhs/bin/../lib/gcc/avr/12.1.0/../../../../avr/lib/avr6\libm.a(addsf3x.o) (__fp_pscA)
c:/program files (x86)/avr-gcc-12.0.1_hhs/bin/../lib/gcc/avr/12.1.0/../../../../avr/lib/avr6\libm.a(fp_pscB.o)
                              c:/program files (x86)/avr-gcc-12.0.1_hhs/bin/../lib/gcc/avr/12.1.0/../../../../avr/lib/avr6\libm.a(addsf3x.o) (__fp_pscB)
c:/program files (x86)/avr-gcc-12.0.1_hhs/bin/../lib/gcc/avr/12.1.0/../../../../avr/lib/avr6\libm.a(fp_round.o)
                              c:/program files (x86)/avr-gcc-12.0.1_hhs/bin/../lib/gcc/avr/12.1.0/../../../../avr/lib/avr6\libm.a(addsf3.o) (__fp_round)
c:/program files (x86)/avr-gcc-12.0.1_hhs/bin/../lib/gcc/avr/12.1.0/../../../../avr/lib/avr6\libm.a(fp_split3.o)
                              c:/program files (x86)/avr-gcc-12.0.1_hhs/bin/../lib/gcc/avr/12.1.0/../../../../avr/lib/avr6\libm.a(addsf3x.o) (__fp_split3)
c:/program files (x86)/avr-gcc-12.0.1_hhs/bin/../lib/gcc/avr/12.1.0/../../../../avr/lib/avr6\libm.a(fp_zero.o)
                              c:/program files (x86)/avr-gcc-12.0.1_hhs/bin/../lib/gcc/avr/12.1.0/../../../../avr/lib/avr6\libm.a(addsf3x.o) (__fp_zero)
c:/program files (x86)/avr-gcc-12.0.1_hhs/bin/../lib/gcc/avr/12.1.0/../../../../avr/lib/avr6\libm.a(mulsf3.o)
                              obj\Debug\motor_lib.o (__mulsf3)
c:/program files (x86)/avr-gcc-12.0.1_hhs/bin/../lib/gcc/avr/12.1.0/../../../../avr/lib/avr6\libm.a(mulsf3x.o)
                              c:/program files (x86)/avr-gcc-12.0.1_hhs/bin/../lib/gcc/avr/12.1.0/../../../../avr/lib/avr6\libm.a(mulsf3.o) (__mulsf3x)

Memory Configuration

Name             Origin             Length             Attributes
text             0x0000000000000000 0x0000000000100000 xr
data             0x0000000000800200 0x000000000000fe00 rw !x
eeprom           0x0000000000810000 0x0000000000010000 rw !x
fuse             0x0000000000820000 0x0000000000000003 rw !x
lock             0x0000000000830000 0x0000000000000400 rw !x
signature        0x0000000000840000 0x0000000000000400 rw !x
user_signatures  0x0000000000850000 0x0000000000000400 rw !x
*default*        0x0000000000000000 0xffffffffffffffff

Linker script and memory map

Address of section .data set to 0x800200
LOAD c:/program files (x86)/avr-gcc-12.0.1_hhs/bin/../lib/gcc/avr/12.1.0/../../../../avr/lib/avr6/crtatmega2560.o
LOAD obj\Debug\communicatie_lib.o
LOAD obj\Debug\fuse.o
LOAD obj\Debug\init.o
LOAD obj\Debug\main.o
LOAD obj\Debug\motor_lib.o
LOAD obj\Debug\navigatie_lib.o
LOAD obj\Debug\us_sensor_lib.o
START GROUP
LOAD c:/program files (x86)/avr-gcc-12.0.1_hhs/bin/../lib/gcc/avr/12.1.0/avr6\libgcc.a
LOAD c:/program files (x86)/avr-gcc-12.0.1_hhs/bin/../lib/gcc/avr/12.1.0/../../../../avr/lib/avr6\libm.a
LOAD c:/program files (x86)/avr-gcc-12.0.1_hhs/bin/../lib/gcc/avr/12.1.0/../../../../avr/lib/avr6\libc.a
LOAD c:/program files (x86)/avr-gcc-12.0.1_hhs/bin/../lib/gcc/avr/12.1.0/../../../../avr/lib/avr6\libatmega2560.a
END GROUP
                0x0000000000100000                __TEXT_REGION_LENGTH__ = DEFINED (__TEXT_REGION_LENGTH__)?__TEXT_REGION_LENGTH__:0x100000
                0x000000000000fe00                __DATA_REGION_LENGTH__ = DEFINED (__DATA_REGION_LENGTH__)?__DATA_REGION_LENGTH__:0xfe00
                0x0000000000010000                __EEPROM_REGION_LENGTH__ = DEFINED (__EEPROM_REGION_LENGTH__)?__EEPROM_REGION_LENGTH__:0x10000
                [0x0000000000000003]                __FUSE_REGION_LENGTH__ = DEFINED (__FUSE_REGION_LENGTH__)?__FUSE_REGION_LENGTH__:0x400
                0x0000000000000400                __LOCK_REGION_LENGTH__ = DEFINED (__LOCK_REGION_LENGTH__)?__LOCK_REGION_LENGTH__:0x400
                0x0000000000000400                __SIGNATURE_REGION_LENGTH__ = DEFINED (__SIGNATURE_REGION_LENGTH__)?__SIGNATURE_REGION_LENGTH__:0x400
                0x0000000000000400                __USER_SIGNATURE_REGION_LENGTH__ = DEFINED (__USER_SIGNATURE_REGION_LENGTH__)?__USER_SIGNATURE_REGION_LENGTH__:0x400

.hash
 *(.hash)

.dynsym
 *(.dynsym)

.dynstr
 *(.dynstr)

.gnu.version
 *(.gnu.version)

.gnu.version_d
 *(.gnu.version_d)

.gnu.version_r
 *(.gnu.version_r)

.rel.init
 *(.rel.init)

.rela.init
 *(.rela.init)

.rel.text
 *(.rel.text)
 *(.rel.text.*)
 *(.rel.gnu.linkonce.t*)

.rela.text
 *(.rela.text)
 *(.rela.text.*)
 *(.rela.gnu.linkonce.t*)

.rel.fini
 *(.rel.fini)

.rela.fini
 *(.rela.fini)

.rel.rodata
 *(.rel.rodata)
 *(.rel.rodata.*)
 *(.rel.gnu.linkonce.r*)

.rela.rodata
 *(.rela.rodata)
 *(.rela.rodata.*)
 *(.rela.gnu.linkonce.r*)

.rel.data
 *(.rel.data)
 *(.rel.data.*)
 *(.rel.gnu.linkonce.d*)

.rela.data
 *(.rela.data)
 *(.rela.data.*)
 *(.rela.gnu.linkonce.d*)

.rel.ctors
 *(.rel.ctors)

.rela.ctors
 *(.rela.ctors)

.rel.dtors
 *(.rel.dtors)

.rela.dtors
 *(.rela.dtors)

.rel.got
 *(.rel.got)

.rela.got
 *(.rela.got)

.rel.bss
 *(.rel.bss)

.rela.bss
 *(.rela.bss)

.rel.plt
 *(.rel.plt)

.rela.plt
 *(.rela.plt)

.text           0x0000000000000000      0xd8e
 *(.vectors)
 .vectors       0x0000000000000000       0xe4 c:/program files (x86)/avr-gcc-12.0.1_hhs/bin/../lib/gcc/avr/12.1.0/../../../../avr/lib/avr6/crtatmega2560.o
                0x0000000000000000                __vector_default
                0x0000000000000000                __vectors
 *(.vectors)
 *(.progmem.gcc*)
                0x00000000000000e4                . = ALIGN (0x2)
                0x00000000000000e4                __trampolines_start = .
 *(.trampolines)
 .trampolines   0x00000000000000e4        0x0 linker stubs
 *(.trampolines*)
                0x00000000000000e4                __trampolines_end = .
 *libprintf_flt.a:*(.progmem.data)
 *libc.a:*(.progmem.data)
 *(.progmem.*)
                0x00000000000000e4                . = ALIGN (0x2)
 *(.lowtext)
 *(.lowtext*)
                0x00000000000000e4                __ctors_start = .
 *(.ctors)
                0x00000000000000e4                __ctors_end = .
                0x00000000000000e4                __dtors_start = .
 *(.dtors)
                0x00000000000000e4                __dtors_end = .
 SORT_BY_NAME(*)(.ctors)
 SORT_BY_NAME(*)(.dtors)
 *(.init0)
 .init0         0x00000000000000e4        0x0 c:/program files (x86)/avr-gcc-12.0.1_hhs/bin/../lib/gcc/avr/12.1.0/../../../../avr/lib/avr6/crtatmega2560.o
                0x00000000000000e4                __init
 *(.init0)
 *(.init1)
 *(.init1)
 *(.init2)
 .init2         0x00000000000000e4       0x10 c:/program files (x86)/avr-gcc-12.0.1_hhs/bin/../lib/gcc/avr/12.1.0/../../../../avr/lib/avr6/crtatmega2560.o
 *(.init2)
 *(.init3)
 *(.init3)
 *(.init4)
 .init4         0x00000000000000f4       0x10 c:/program files (x86)/avr-gcc-12.0.1_hhs/bin/../lib/gcc/avr/12.1.0/avr6\libgcc.a(_clear_bss.o)
                0x00000000000000f4                __do_clear_bss
 *(.init4)
 *(.init5)
 *(.init5)
 *(.init6)
 *(.init6)
 *(.init7)
 *(.init7)
 *(.init8)
 *(.init8)
 *(.init9)
 .init9         0x0000000000000104        0x8 c:/program files (x86)/avr-gcc-12.0.1_hhs/bin/../lib/gcc/avr/12.1.0/../../../../avr/lib/avr6/crtatmega2560.o
 *(.init9)
 *(.text)
 .text          0x000000000000010c        0x4 c:/program files (x86)/avr-gcc-12.0.1_hhs/bin/../lib/gcc/avr/12.1.0/../../../../avr/lib/avr6/crtatmega2560.o
                0x000000000000010c                __vector_38
                0x000000000000010c                __vector_22
                0x000000000000010c                __vector_28
                0x000000000000010c                __vector_1
                0x000000000000010c                __vector_32
                0x000000000000010c                __vector_34
                0x000000000000010c                __vector_24
                0x000000000000010c                __vector_12
                0x000000000000010c                __vector_55
                0x000000000000010c                __vector_46
                0x000000000000010c                __bad_interrupt
                0x000000000000010c                __vector_6
                0x000000000000010c                __vector_31
                0x000000000000010c                __vector_35
                0x000000000000010c                __vector_39
                0x000000000000010c                __vector_3
                0x000000000000010c                __vector_23
                0x000000000000010c                __vector_30
                0x000000000000010c                __vector_45
                0x000000000000010c                __vector_25
                0x000000000000010c                __vector_11
                0x000000000000010c                __vector_54
                0x000000000000010c                __vector_13
                0x000000000000010c                __vector_17
                0x000000000000010c                __vector_19
                0x000000000000010c                __vector_56
                0x000000000000010c                __vector_7
                0x000000000000010c                __vector_49
                0x000000000000010c                __vector_41
                0x000000000000010c                __vector_43
                0x000000000000010c                __vector_27
                0x000000000000010c                __vector_5
                0x000000000000010c                __vector_33
                0x000000000000010c                __vector_47
                0x000000000000010c                __vector_52
                0x000000000000010c                __vector_37
                0x000000000000010c                __vector_4
                0x000000000000010c                __vector_44
                0x000000000000010c                __vector_51
                0x000000000000010c                __vector_9
                0x000000000000010c                __vector_2
                0x000000000000010c                __vector_21
                0x000000000000010c                __vector_15
                0x000000000000010c                __vector_36
                0x000000000000010c                __vector_29
                0x000000000000010c                __vector_40
                0x000000000000010c                __vector_8
                0x000000000000010c                __vector_26
                0x000000000000010c                __vector_48
                0x000000000000010c                __vector_14
                0x000000000000010c                __vector_53
                0x000000000000010c                __vector_10
                0x000000000000010c                __vector_50
                0x000000000000010c                __vector_16
                0x000000000000010c                __vector_18
                0x000000000000010c                __vector_20
                0x000000000000010c                __vector_42
 .text          0x0000000000000110        0x0 obj\Debug\communicatie_lib.o
 .text          0x0000000000000110        0x0 obj\Debug\fuse.o
 .text          0x0000000000000110       0x94 obj\Debug\init.o
                0x0000000000000110                init_us_sensor
                0x000000000000012a                init_h_brug_dual
                0x000000000000017c                init_communicatie
                0x0000000000000196                init
 .text          0x00000000000001a4        0x8 obj\Debug\main.o
                0x00000000000001a4                main
 .text          0x00000000000001ac      0x160 obj\Debug\motor_lib.o
                0x00000000000001ac                motor_R
                0x000000000000020c                motor_L
                0x000000000000026c                motor_config
 .text          0x000000000000030c      0x34e obj\Debug\navigatie_lib.o
                0x000000000000030c                percentageSteering_R
                0x00000000000003b0                percentageSteering_L
                0x0000000000000454                padNavigerenNorm
                0x0000000000000592                padNavigerenLinks
                0x0000000000000594                padNavigerenRechts
                0x0000000000000596                kerenR
 .text          0x000000000000065a      0x310 obj\Debug\us_sensor_lib.o
                0x000000000000065a                ultrasoonAfstand_R_VOORUIT
                0x000000000000071e                ultrasoonAfstand_L_VOORUIT
                0x00000000000007e2                ultrasoonAfstand_R_ACHTERUIT
                0x00000000000008a6                ultrasoonAfstand_L_ACHTERUIT
 .text          0x000000000000096a        0x0 c:/program files (x86)/avr-gcc-12.0.1_hhs/bin/../lib/gcc/avr/12.1.0/avr6\libgcc.a(_exit.o)
 .text          0x000000000000096a        0x0 c:/program files (x86)/avr-gcc-12.0.1_hhs/bin/../lib/gcc/avr/12.1.0/avr6\libgcc.a(_clear_bss.o)
 .text          0x000000000000096a        0x0 c:/program files (x86)/avr-gcc-12.0.1_hhs/bin/../lib/gcc/avr/12.1.0/../../../../avr/lib/avr6\libm.a(addsf3.o)
 .text          0x000000000000096a        0x0 c:/program files (x86)/avr-gcc-12.0.1_hhs/bin/../lib/gcc/avr/12.1.0/../../../../avr/lib/avr6\libm.a(addsf3x.o)
 .text          0x000000000000096a        0x0 c:/program files (x86)/avr-gcc-12.0.1_hhs/bin/../lib/gcc/avr/12.1.0/../../../../avr/lib/avr6\libm.a(divsf3.o)
 .text          0x000000000000096a        0x0 c:/program files (x86)/avr-gcc-12.0.1_hhs/bin/../lib/gcc/avr/12.1.0/../../../../avr/lib/avr6\libm.a(divsf3x.o)
 .text          0x000000000000096a        0x0 c:/program files (x86)/avr-gcc-12.0.1_hhs/bin/../lib/gcc/avr/12.1.0/../../../../avr/lib/avr6\libm.a(fixsfsi.o)
 .text          0x000000000000096a        0x0 c:/program files (x86)/avr-gcc-12.0.1_hhs/bin/../lib/gcc/avr/12.1.0/../../../../avr/lib/avr6\libm.a(fixunssfsi.o)
 .text          0x000000000000096a        0x0 c:/program files (x86)/avr-gcc-12.0.1_hhs/bin/../lib/gcc/avr/12.1.0/../../../../avr/lib/avr6\libm.a(floatsisf.o)
 .text          0x000000000000096a        0x0 c:/program files (x86)/avr-gcc-12.0.1_hhs/bin/../lib/gcc/avr/12.1.0/../../../../avr/lib/avr6\libm.a(fp_inf.o)
 .text          0x000000000000096a        0x0 c:/program files (x86)/avr-gcc-12.0.1_hhs/bin/../lib/gcc/avr/12.1.0/../../../../avr/lib/avr6\libm.a(fp_nan.o)
 .text          0x000000000000096a        0x0 c:/program files (x86)/avr-gcc-12.0.1_hhs/bin/../lib/gcc/avr/12.1.0/../../../../avr/lib/avr6\libm.a(fp_pscA.o)
 .text          0x000000000000096a        0x0 c:/program files (x86)/avr-gcc-12.0.1_hhs/bin/../lib/gcc/avr/12.1.0/../../../../avr/lib/avr6\libm.a(fp_pscB.o)
 .text          0x000000000000096a        0x0 c:/program files (x86)/avr-gcc-12.0.1_hhs/bin/../lib/gcc/avr/12.1.0/../../../../avr/lib/avr6\libm.a(fp_round.o)
 .text          0x000000000000096a        0x0 c:/program files (x86)/avr-gcc-12.0.1_hhs/bin/../lib/gcc/avr/12.1.0/../../../../avr/lib/avr6\libm.a(fp_split3.o)
 .text          0x000000000000096a        0x0 c:/program files (x86)/avr-gcc-12.0.1_hhs/bin/../lib/gcc/avr/12.1.0/../../../../avr/lib/avr6\libm.a(fp_zero.o)
 .text          0x000000000000096a        0x0 c:/program files (x86)/avr-gcc-12.0.1_hhs/bin/../lib/gcc/avr/12.1.0/../../../../avr/lib/avr6\libm.a(mulsf3.o)
 .text          0x000000000000096a        0x0 c:/program files (x86)/avr-gcc-12.0.1_hhs/bin/../lib/gcc/avr/12.1.0/../../../../avr/lib/avr6\libm.a(mulsf3x.o)
                0x000000000000096a                . = ALIGN (0x2)
 *(.text.*)
 .text.libgcc.mul
                0x000000000000096a        0x0 c:/program files (x86)/avr-gcc-12.0.1_hhs/bin/../lib/gcc/avr/12.1.0/avr6\libgcc.a(_exit.o)
 .text.libgcc.div
                0x000000000000096a        0x0 c:/program files (x86)/avr-gcc-12.0.1_hhs/bin/../lib/gcc/avr/12.1.0/avr6\libgcc.a(_exit.o)
 .text.libgcc   0x000000000000096a        0x0 c:/program files (x86)/avr-gcc-12.0.1_hhs/bin/../lib/gcc/avr/12.1.0/avr6\libgcc.a(_exit.o)
 .text.libgcc.prologue
                0x000000000000096a        0x0 c:/program files (x86)/avr-gcc-12.0.1_hhs/bin/../lib/gcc/avr/12.1.0/avr6\libgcc.a(_exit.o)
 .text.libgcc.builtins
                0x000000000000096a        0x0 c:/program files (x86)/avr-gcc-12.0.1_hhs/bin/../lib/gcc/avr/12.1.0/avr6\libgcc.a(_exit.o)
 .text.libgcc.fmul
                0x000000000000096a        0x0 c:/program files (x86)/avr-gcc-12.0.1_hhs/bin/../lib/gcc/avr/12.1.0/avr6\libgcc.a(_exit.o)
 .text.libgcc.fixed
                0x000000000000096a        0x0 c:/program files (x86)/avr-gcc-12.0.1_hhs/bin/../lib/gcc/avr/12.1.0/avr6\libgcc.a(_exit.o)
 .text.libgcc.mul
                0x000000000000096a        0x0 c:/program files (x86)/avr-gcc-12.0.1_hhs/bin/../lib/gcc/avr/12.1.0/avr6\libgcc.a(_clear_bss.o)
 .text.libgcc.div
                0x000000000000096a        0x0 c:/program files (x86)/avr-gcc-12.0.1_hhs/bin/../lib/gcc/avr/12.1.0/avr6\libgcc.a(_clear_bss.o)
 .text.libgcc   0x000000000000096a        0x0 c:/program files (x86)/avr-gcc-12.0.1_hhs/bin/../lib/gcc/avr/12.1.0/avr6\libgcc.a(_clear_bss.o)
 .text.libgcc.prologue
                0x000000000000096a        0x0 c:/program files (x86)/avr-gcc-12.0.1_hhs/bin/../lib/gcc/avr/12.1.0/avr6\libgcc.a(_clear_bss.o)
 .text.libgcc.builtins
                0x000000000000096a        0x0 c:/program files (x86)/avr-gcc-12.0.1_hhs/bin/../lib/gcc/avr/12.1.0/avr6\libgcc.a(_clear_bss.o)
 .text.libgcc.fmul
                0x000000000000096a        0x0 c:/program files (x86)/avr-gcc-12.0.1_hhs/bin/../lib/gcc/avr/12.1.0/avr6\libgcc.a(_clear_bss.o)
 .text.libgcc.fixed
                0x000000000000096a        0x0 c:/program files (x86)/avr-gcc-12.0.1_hhs/bin/../lib/gcc/avr/12.1.0/avr6\libgcc.a(_clear_bss.o)
 .text.avr-libc.fplib
                0x000000000000096a        0xe c:/program files (x86)/avr-gcc-12.0.1_hhs/bin/../lib/gcc/avr/12.1.0/../../../../avr/lib/avr6\libm.a(addsf3.o)
                0x000000000000096a                __subsf3
                0x000000000000096c                __addsf3
 .text.avr-libc.fplib
                0x0000000000000978       0xcc c:/program files (x86)/avr-gcc-12.0.1_hhs/bin/../lib/gcc/avr/12.1.0/../../../../avr/lib/avr6\libm.a(addsf3x.o)
                0x000000000000099a                __addsf3x
 .text.avr-libc.fplib
                0x0000000000000a44        0x8 c:/program files (x86)/avr-gcc-12.0.1_hhs/bin/../lib/gcc/avr/12.1.0/../../../../avr/lib/avr6\libm.a(divsf3.o)
                0x0000000000000a44                __divsf3
 .text.avr-libc.fplib
                0x0000000000000a4c       0xdc c:/program files (x86)/avr-gcc-12.0.1_hhs/bin/../lib/gcc/avr/12.1.0/../../../../avr/lib/avr6\libm.a(divsf3x.o)
                0x0000000000000a6c                __divsf3x
                0x0000000000000a72                __divsf3_pse
 .text.avr-libc.fplib
                0x0000000000000b28        0xe c:/program files (x86)/avr-gcc-12.0.1_hhs/bin/../lib/gcc/avr/12.1.0/../../../../avr/lib/avr6\libm.a(fixsfsi.o)
                0x0000000000000b28                __fixsfsi
 .text.avr-libc.fplib
                0x0000000000000b36       0x5e c:/program files (x86)/avr-gcc-12.0.1_hhs/bin/../lib/gcc/avr/12.1.0/../../../../avr/lib/avr6\libm.a(fixunssfsi.o)
                0x0000000000000b36                __fixunssfsi
 .text.avr-libc.fplib
                0x0000000000000b94       0x7a c:/program files (x86)/avr-gcc-12.0.1_hhs/bin/../lib/gcc/avr/12.1.0/../../../../avr/lib/avr6\libm.a(floatsisf.o)
                0x0000000000000b94                __floatunsisf
                0x0000000000000b98                __floatsisf
 .text.avr-libc.fplib
                0x0000000000000c0e        0xc c:/program files (x86)/avr-gcc-12.0.1_hhs/bin/../lib/gcc/avr/12.1.0/../../../../avr/lib/avr6\libm.a(fp_inf.o)
                0x0000000000000c0e                __fp_inf
 .text.avr-libc.fplib
                0x0000000000000c1a        0x6 c:/program files (x86)/avr-gcc-12.0.1_hhs/bin/../lib/gcc/avr/12.1.0/../../../../avr/lib/avr6\libm.a(fp_nan.o)
                0x0000000000000c1a                __fp_nan
 .text.avr-libc.fplib
                0x0000000000000c20        0xe c:/program files (x86)/avr-gcc-12.0.1_hhs/bin/../lib/gcc/avr/12.1.0/../../../../avr/lib/avr6\libm.a(fp_pscA.o)
                0x0000000000000c20                __fp_pscA
 .text.avr-libc.fplib
                0x0000000000000c2e        0xe c:/program files (x86)/avr-gcc-12.0.1_hhs/bin/../lib/gcc/avr/12.1.0/../../../../avr/lib/avr6\libm.a(fp_pscB.o)
                0x0000000000000c2e                __fp_pscB
 .text.avr-libc.fplib
                0x0000000000000c3c       0x22 c:/program files (x86)/avr-gcc-12.0.1_hhs/bin/../lib/gcc/avr/12.1.0/../../../../avr/lib/avr6\libm.a(fp_round.o)
                0x0000000000000c3c                __fp_round
 .text.avr-libc.fplib
                0x0000000000000c5e       0x44 c:/program files (x86)/avr-gcc-12.0.1_hhs/bin/../lib/gcc/avr/12.1.0/../../../../avr/lib/avr6\libm.a(fp_split3.o)
                0x0000000000000c5e                __fp_split3
                0x0000000000000c6e                __fp_splitA
 .text.avr-libc.fplib
                0x0000000000000ca2        0xe c:/program files (x86)/avr-gcc-12.0.1_hhs/bin/../lib/gcc/avr/12.1.0/../../../../avr/lib/avr6\libm.a(fp_zero.o)
                0x0000000000000ca2                __fp_zero
                0x0000000000000ca4                __fp_szero
 .text.avr-libc.fplib
                0x0000000000000cb0        0x8 c:/program files (x86)/avr-gcc-12.0.1_hhs/bin/../lib/gcc/avr/12.1.0/../../../../avr/lib/avr6\libm.a(mulsf3.o)
                0x0000000000000cb0                __mulsf3
 .text.avr-libc.fplib
                0x0000000000000cb8       0xd2 c:/program files (x86)/avr-gcc-12.0.1_hhs/bin/../lib/gcc/avr/12.1.0/../../../../avr/lib/avr6\libm.a(mulsf3x.o)
                0x0000000000000cd6                __mulsf3x
                0x0000000000000cdc                __mulsf3_pse
                0x0000000000000d8a                . = ALIGN (0x2)
 *(.fini9)
 .fini9         0x0000000000000d8a        0x0 c:/program files (x86)/avr-gcc-12.0.1_hhs/bin/../lib/gcc/avr/12.1.0/avr6\libgcc.a(_exit.o)
                0x0000000000000d8a                _exit
                0x0000000000000d8a                exit
 *(.fini9)
 *(.fini8)
 *(.fini8)
 *(.fini7)
 *(.fini7)
 *(.fini6)
 *(.fini6)
 *(.fini5)
 *(.fini5)
 *(.fini4)
 *(.fini4)
 *(.fini3)
 *(.fini3)
 *(.fini2)
 *(.fini2)
 *(.fini1)
 *(.fini1)
 *(.fini0)
 .fini0         0x0000000000000d8a        0x4 c:/program files (x86)/avr-gcc-12.0.1_hhs/bin/../lib/gcc/avr/12.1.0/avr6\libgcc.a(_exit.o)
 *(.fini0)
 *(.hightext)
 *(.hightext*)
 *(.progmemx.*)
                0x0000000000000d8e                . = ALIGN (0x2)
 *(.jumptables)
 *(.jumptables*)
                0x0000000000000d8e                _etext = .

.data           0x0000000000800200        0x0 load address 0x0000000000000d8e
                [!provide]                        PROVIDE (__data_start = .)
 *(.data)
 .data          0x0000000000800200        0x0 c:/program files (x86)/avr-gcc-12.0.1_hhs/bin/../lib/gcc/avr/12.1.0/../../../../avr/lib/avr6/crtatmega2560.o
 .data          0x0000000000800200        0x0 obj\Debug\communicatie_lib.o
 .data          0x0000000000800200        0x0 obj\Debug\fuse.o
 .data          0x0000000000800200        0x0 obj\Debug\init.o
 .data          0x0000000000800200        0x0 obj\Debug\main.o
 .data          0x0000000000800200        0x0 obj\Debug\motor_lib.o
 .data          0x0000000000800200        0x0 obj\Debug\navigatie_lib.o
 .data          0x0000000000800200        0x0 obj\Debug\us_sensor_lib.o
 .data          0x0000000000800200        0x0 c:/program files (x86)/avr-gcc-12.0.1_hhs/bin/../lib/gcc/avr/12.1.0/avr6\libgcc.a(_exit.o)
 .data          0x0000000000800200        0x0 c:/program files (x86)/avr-gcc-12.0.1_hhs/bin/../lib/gcc/avr/12.1.0/avr6\libgcc.a(_clear_bss.o)
 .data          0x0000000000800200        0x0 c:/program files (x86)/avr-gcc-12.0.1_hhs/bin/../lib/gcc/avr/12.1.0/../../../../avr/lib/avr6\libm.a(addsf3.o)
 .data          0x0000000000800200        0x0 c:/program files (x86)/avr-gcc-12.0.1_hhs/bin/../lib/gcc/avr/12.1.0/../../../../avr/lib/avr6\libm.a(addsf3x.o)
 .data          0x0000000000800200        0x0 c:/program files (x86)/avr-gcc-12.0.1_hhs/bin/../lib/gcc/avr/12.1.0/../../../../avr/lib/avr6\libm.a(divsf3.o)
 .data          0x0000000000800200        0x0 c:/program files (x86)/avr-gcc-12.0.1_hhs/bin/../lib/gcc/avr/12.1.0/../../../../avr/lib/avr6\libm.a(divsf3x.o)
 .data          0x0000000000800200        0x0 c:/program files (x86)/avr-gcc-12.0.1_hhs/bin/../lib/gcc/avr/12.1.0/../../../../avr/lib/avr6\libm.a(fixsfsi.o)
 .data          0x0000000000800200        0x0 c:/program files (x86)/avr-gcc-12.0.1_hhs/bin/../lib/gcc/avr/12.1.0/../../../../avr/lib/avr6\libm.a(fixunssfsi.o)
 .data          0x0000000000800200        0x0 c:/program files (x86)/avr-gcc-12.0.1_hhs/bin/../lib/gcc/avr/12.1.0/../../../../avr/lib/avr6\libm.a(floatsisf.o)
 .data          0x0000000000800200        0x0 c:/program files (x86)/avr-gcc-12.0.1_hhs/bin/../lib/gcc/avr/12.1.0/../../../../avr/lib/avr6\libm.a(fp_inf.o)
 .data          0x0000000000800200        0x0 c:/program files (x86)/avr-gcc-12.0.1_hhs/bin/../lib/gcc/avr/12.1.0/../../../../avr/lib/avr6\libm.a(fp_nan.o)
 .data          0x0000000000800200        0x0 c:/program files (x86)/avr-gcc-12.0.1_hhs/bin/../lib/gcc/avr/12.1.0/../../../../avr/lib/avr6\libm.a(fp_pscA.o)
 .data          0x0000000000800200        0x0 c:/program files (x86)/avr-gcc-12.0.1_hhs/bin/../lib/gcc/avr/12.1.0/../../../../avr/lib/avr6\libm.a(fp_pscB.o)
 .data          0x0000000000800200        0x0 c:/program files (x86)/avr-gcc-12.0.1_hhs/bin/../lib/gcc/avr/12.1.0/../../../../avr/lib/avr6\libm.a(fp_round.o)
 .data          0x0000000000800200        0x0 c:/program files (x86)/avr-gcc-12.0.1_hhs/bin/../lib/gcc/avr/12.1.0/../../../../avr/lib/avr6\libm.a(fp_split3.o)
 .data          0x0000000000800200        0x0 c:/program files (x86)/avr-gcc-12.0.1_hhs/bin/../lib/gcc/avr/12.1.0/../../../../avr/lib/avr6\libm.a(fp_zero.o)
 .data          0x0000000000800200        0x0 c:/program files (x86)/avr-gcc-12.0.1_hhs/bin/../lib/gcc/avr/12.1.0/../../../../avr/lib/avr6\libm.a(mulsf3.o)
 .data          0x0000000000800200        0x0 c:/program files (x86)/avr-gcc-12.0.1_hhs/bin/../lib/gcc/avr/12.1.0/../../../../avr/lib/avr6\libm.a(mulsf3x.o)
 *(.data*)
 *(.gnu.linkonce.d*)
 *(.rodata)
 *(.rodata*)
 *(.gnu.linkonce.r*)
                0x0000000000800200                . = ALIGN (0x2)
                0x0000000000800200                _edata = .
                [!provide]                        PROVIDE (__data_end = .)

.bss            0x0000000000800200        0xe
                0x0000000000800200                PROVIDE (__bss_start = .)
 *(.bss)
 .bss           0x0000000000800200        0x0 c:/program files (x86)/avr-gcc-12.0.1_hhs/bin/../lib/gcc/avr/12.1.0/../../../../avr/lib/avr6/crtatmega2560.o
 .bss           0x0000000000800200        0x0 obj\Debug\communicatie_lib.o
 .bss           0x0000000000800200        0x0 obj\Debug\fuse.o
 .bss           0x0000000000800200        0x0 obj\Debug\init.o
 .bss           0x0000000000800200        0x0 obj\Debug\main.o
 .bss           0x0000000000800200        0x0 obj\Debug\motor_lib.o
 .bss           0x0000000000800200        0xe obj\Debug\navigatie_lib.o
 .bss           0x000000000080020e        0x0 obj\Debug\us_sensor_lib.o
 .bss           0x000000000080020e        0x0 c:/program files (x86)/avr-gcc-12.0.1_hhs/bin/../lib/gcc/avr/12.1.0/avr6\libgcc.a(_exit.o)
 .bss           0x000000000080020e        0x0 c:/program files (x86)/avr-gcc-12.0.1_hhs/bin/../lib/gcc/avr/12.1.0/avr6\libgcc.a(_clear_bss.o)
 .bss           0x000000000080020e        0x0 c:/program files (x86)/avr-gcc-12.0.1_hhs/bin/../lib/gcc/avr/12.1.0/../../../../avr/lib/avr6\libm.a(addsf3.o)
 .bss           0x000000000080020e        0x0 c:/program files (x86)/avr-gcc-12.0.1_hhs/bin/../lib/gcc/avr/12.1.0/../../../../avr/lib/avr6\libm.a(addsf3x.o)
 .bss           0x000000000080020e        0x0 c:/program files (x86)/avr-gcc-12.0.1_hhs/bin/../lib/gcc/avr/12.1.0/../../../../avr/lib/avr6\libm.a(divsf3.o)
 .bss           0x000000000080020e        0x0 c:/program files (x86)/avr-gcc-12.0.1_hhs/bin/../lib/gcc/avr/12.1.0/../../../../avr/lib/avr6\libm.a(divsf3x.o)
 .bss           0x000000000080020e        0x0 c:/program files (x86)/avr-gcc-12.0.1_hhs/bin/../lib/gcc/avr/12.1.0/../../../../avr/lib/avr6\libm.a(fixsfsi.o)
 .bss           0x000000000080020e        0x0 c:/program files (x86)/avr-gcc-12.0.1_hhs/bin/../lib/gcc/avr/12.1.0/../../../../avr/lib/avr6\libm.a(fixunssfsi.o)
 .bss           0x000000000080020e        0x0 c:/program files (x86)/avr-gcc-12.0.1_hhs/bin/../lib/gcc/avr/12.1.0/../../../../avr/lib/avr6\libm.a(floatsisf.o)
 .bss           0x000000000080020e        0x0 c:/program files (x86)/avr-gcc-12.0.1_hhs/bin/../lib/gcc/avr/12.1.0/../../../../avr/lib/avr6\libm.a(fp_inf.o)
 .bss           0x000000000080020e        0x0 c:/program files (x86)/avr-gcc-12.0.1_hhs/bin/../lib/gcc/avr/12.1.0/../../../../avr/lib/avr6\libm.a(fp_nan.o)
 .bss           0x000000000080020e        0x0 c:/program files (x86)/avr-gcc-12.0.1_hhs/bin/../lib/gcc/avr/12.1.0/../../../../avr/lib/avr6\libm.a(fp_pscA.o)
 .bss           0x000000000080020e        0x0 c:/program files (x86)/avr-gcc-12.0.1_hhs/bin/../lib/gcc/avr/12.1.0/../../../../avr/lib/avr6\libm.a(fp_pscB.o)
 .bss           0x000000000080020e        0x0 c:/program files (x86)/avr-gcc-12.0.1_hhs/bin/../lib/gcc/avr/12.1.0/../../../../avr/lib/avr6\libm.a(fp_round.o)
 .bss           0x000000000080020e        0x0 c:/program files (x86)/avr-gcc-12.0.1_hhs/bin/../lib/gcc/avr/12.1.0/../../../../avr/lib/avr6\libm.a(fp_split3.o)
 .bss           0x000000000080020e        0x0 c:/program files (x86)/avr-gcc-12.0.1_hhs/bin/../lib/gcc/avr/12.1.0/../../../../avr/lib/avr6\libm.a(fp_zero.o)
 .bss           0x000000000080020e        0x0 c:/program files (x86)/avr-gcc-12.0.1_hhs/bin/../lib/gcc/avr/12.1.0/../../../../avr/lib/avr6\libm.a(mulsf3.o)
 .bss           0x000000000080020e        0x0 c:/program files (x86)/avr-gcc-12.0.1_hhs/bin/../lib/gcc/avr/12.1.0/../../../../avr/lib/avr6\libm.a(mulsf3x.o)
 *(.bss*)
 *(COMMON)
                0x000000000080020e                PROVIDE (__bss_end = .)
                0x0000000000000d8e                __data_load_start = LOADADDR (.data)
                0x0000000000000d8e                __data_load_end = (__data_load_start + SIZEOF (.data))

.noinit         0x000000000080020e        0x0
                [!provide]                        PROVIDE (__noinit_start = .)
 *(.noinit .noinit.* .gnu.linkonce.n.*)
                [!provide]                        PROVIDE (__noinit_end = .)
                0x000000000080020e                _end = .
                [!provide]                        PROVIDE (__heap_start = .)

.eeprom         0x0000000000810000        0x0
 *(.eeprom*)
                0x0000000000810000                __eeprom_end = .

.fuse           0x0000000000820000        0x3
 *(.fuse)
 .fuse          0x0000000000820000        0x3 obj\Debug\fuse.o
                0x0000000000820000                __fuse
 *(.lfuse)
 *(.hfuse)
 *(.efuse)

.lock
 *(.lock*)

.signature
 *(.signature*)

.stab
 *(.stab)

.stabstr
 *(.stabstr)

.stab.excl
 *(.stab.excl)

.stab.exclstr
 *(.stab.exclstr)

.stab.index
 *(.stab.index)

.stab.indexstr
 *(.stab.indexstr)

.comment        0x0000000000000000       0x12
 *(.comment)
 .comment       0x0000000000000000       0x12 obj\Debug\communicatie_lib.o
                                         0x13 (size before relaxing)
 .comment       0x0000000000000012       0x13 obj\Debug\fuse.o
 .comment       0x0000000000000012       0x13 obj\Debug\init.o
 .comment       0x0000000000000012       0x13 obj\Debug\main.o
 .comment       0x0000000000000012       0x13 obj\Debug\motor_lib.o
 .comment       0x0000000000000012       0x13 obj\Debug\navigatie_lib.o
 .comment       0x0000000000000012       0x13 obj\Debug\us_sensor_lib.o

.note.gnu.avr.deviceinfo
                0x0000000000000000       0x40
 .note.gnu.avr.deviceinfo
                0x0000000000000000       0x40 c:/program files (x86)/avr-gcc-12.0.1_hhs/bin/../lib/gcc/avr/12.1.0/../../../../avr/lib/avr6/crtatmega2560.o

.note.gnu.build-id
 *(.note.gnu.build-id)

.debug
 *(.debug)

.line
 *(.line)

.debug_srcinfo
 *(.debug_srcinfo)

.debug_sfnames
 *(.debug_sfnames)

.debug_aranges  0x0000000000000000       0xf8
 *(.debug_aranges)
 .debug_aranges
                0x0000000000000000       0x18 obj\Debug\fuse.o
 .debug_aranges
                0x0000000000000018       0x20 obj\Debug\init.o
 .debug_aranges
                0x0000000000000038       0x20 obj\Debug\main.o
 .debug_aranges
                0x0000000000000058       0x20 obj\Debug\motor_lib.o
 .debug_aranges
                0x0000000000000078       0x20 obj\Debug\navigatie_lib.o
 .debug_aranges
                0x0000000000000098       0x20 obj\Debug\us_sensor_lib.o
 .debug_aranges
                0x00000000000000b8       0x20 c:/program files (x86)/avr-gcc-12.0.1_hhs/bin/../lib/gcc/avr/12.1.0/avr6\libgcc.a(_exit.o)
 .debug_aranges
                0x00000000000000d8       0x20 c:/program files (x86)/avr-gcc-12.0.1_hhs/bin/../lib/gcc/avr/12.1.0/avr6\libgcc.a(_clear_bss.o)

.debug_pubnames
 *(.debug_pubnames)

.debug_info     0x0000000000000000     0x17e6
 *(.debug_info .gnu.linkonce.wi.*)
 .debug_info    0x0000000000000000      0xbbc c:/program files (x86)/avr-gcc-12.0.1_hhs/bin/../lib/gcc/avr/12.1.0/../../../../avr/lib/avr6/crtatmega2560.o
 .debug_info    0x0000000000000bbc       0xa2 obj\Debug\fuse.o
 .debug_info    0x0000000000000c5e       0xcd obj\Debug\init.o
 .debug_info    0x0000000000000d2b       0x93 obj\Debug\main.o
 .debug_info    0x0000000000000dbe      0x1c3 obj\Debug\motor_lib.o
 .debug_info    0x0000000000000f81      0x4d4 obj\Debug\navigatie_lib.o
 .debug_info    0x0000000000001455      0x349 obj\Debug\us_sensor_lib.o
 .debug_info    0x000000000000179e       0x24 c:/program files (x86)/avr-gcc-12.0.1_hhs/bin/../lib/gcc/avr/12.1.0/avr6\libgcc.a(_exit.o)
 .debug_info    0x00000000000017c2       0x24 c:/program files (x86)/avr-gcc-12.0.1_hhs/bin/../lib/gcc/avr/12.1.0/avr6\libgcc.a(_clear_bss.o)

.debug_abbrev   0x0000000000000000     0x1031
 *(.debug_abbrev)
 .debug_abbrev  0x0000000000000000      0xb1a c:/program files (x86)/avr-gcc-12.0.1_hhs/bin/../lib/gcc/avr/12.1.0/../../../../avr/lib/avr6/crtatmega2560.o
 .debug_abbrev  0x0000000000000b1a       0x7b obj\Debug\fuse.o
 .debug_abbrev  0x0000000000000b95       0x78 obj\Debug\init.o
 .debug_abbrev  0x0000000000000c0d       0x70 obj\Debug\main.o
 .debug_abbrev  0x0000000000000c7d       0xcb obj\Debug\motor_lib.o
 .debug_abbrev  0x0000000000000d48      0x181 obj\Debug\navigatie_lib.o
 .debug_abbrev  0x0000000000000ec9      0x140 obj\Debug\us_sensor_lib.o
 .debug_abbrev  0x0000000000001009       0x14 c:/program files (x86)/avr-gcc-12.0.1_hhs/bin/../lib/gcc/avr/12.1.0/avr6\libgcc.a(_exit.o)
 .debug_abbrev  0x000000000000101d       0x14 c:/program files (x86)/avr-gcc-12.0.1_hhs/bin/../lib/gcc/avr/12.1.0/avr6\libgcc.a(_clear_bss.o)

.debug_line     0x0000000000000000     0x1276
 *(.debug_line .debug_line.* .debug_line_end)
 .debug_line    0x0000000000000000       0x1d c:/program files (x86)/avr-gcc-12.0.1_hhs/bin/../lib/gcc/avr/12.1.0/../../../../avr/lib/avr6/crtatmega2560.o
 .debug_line    0x000000000000001d        0x0 obj\Debug\communicatie_lib.o
 .debug_line    0x000000000000001d       0x3f obj\Debug\fuse.o
 .debug_line    0x000000000000005c      0x324 obj\Debug\init.o
 .debug_line    0x0000000000000380       0x75 obj\Debug\main.o
 .debug_line    0x00000000000003f5      0x287 obj\Debug\motor_lib.o
 .debug_line    0x000000000000067c      0x4d0 obj\Debug\navigatie_lib.o
 .debug_line    0x0000000000000b4c      0x664 obj\Debug\us_sensor_lib.o
 .debug_line    0x00000000000011b0       0x51 c:/program files (x86)/avr-gcc-12.0.1_hhs/bin/../lib/gcc/avr/12.1.0/avr6\libgcc.a(_exit.o)
 .debug_line    0x0000000000001201       0x75 c:/program files (x86)/avr-gcc-12.0.1_hhs/bin/../lib/gcc/avr/12.1.0/avr6\libgcc.a(_clear_bss.o)

.debug_frame    0x0000000000000000      0x244
 *(.debug_frame)
 .debug_frame   0x0000000000000000       0x54 obj\Debug\init.o
 .debug_frame   0x0000000000000054       0x24 obj\Debug\main.o
 .debug_frame   0x0000000000000078       0x64 obj\Debug\motor_lib.o
 .debug_frame   0x00000000000000dc       0xd4 obj\Debug\navigatie_lib.o
 .debug_frame   0x00000000000001b0       0x94 obj\Debug\us_sensor_lib.o

.debug_str      0x0000000000000000      0x7a5
 *(.debug_str)
 .debug_str     0x0000000000000000      0x3e9 c:/program files (x86)/avr-gcc-12.0.1_hhs/bin/../lib/gcc/avr/12.1.0/../../../../avr/lib/avr6/crtatmega2560.o
 .debug_str     0x00000000000003e9       0x57 obj\Debug\communicatie_lib.o
 .debug_str     0x0000000000000440       0x51 obj\Debug\fuse.o
                                         0xdc (size before relaxing)
 .debug_str     0x0000000000000491       0x3f obj\Debug\init.o
                                         0xfd (size before relaxing)
 .debug_str     0x00000000000004d0        0x5 obj\Debug\main.o
                                         0xd0 (size before relaxing)
 .debug_str     0x00000000000004d5       0x97 obj\Debug\motor_lib.o
                                        0x175 (size before relaxing)
 .debug_str     0x000000000000056c      0x11a obj\Debug\navigatie_lib.o
                                        0x247 (size before relaxing)
 .debug_str     0x0000000000000686       0xc0 obj\Debug\us_sensor_lib.o
                                        0x1ce (size before relaxing)
 .debug_str     0x0000000000000746       0x5f c:/program files (x86)/avr-gcc-12.0.1_hhs/bin/../lib/gcc/avr/12.1.0/avr6\libgcc.a(_exit.o)
 .debug_str     0x00000000000007a5       0x5f c:/program files (x86)/avr-gcc-12.0.1_hhs/bin/../lib/gcc/avr/12.1.0/avr6\libgcc.a(_clear_bss.o)

.debug_loc
 *(.debug_loc)

.debug_macinfo
 *(.debug_macinfo)

.debug_weaknames
 *(.debug_weaknames)

.debug_funcnames
 *(.debug_funcnames)

.debug_typenames
 *(.debug_typenames)

.debug_varnames
 *(.debug_varnames)

.debug_pubtypes
 *(.debug_pubtypes)

.debug_ranges
 *(.debug_ranges)

.debug_addr
 *(.debug_addr)

.debug_line_str
                0x0000000000000000      0x1ea
 *(.debug_line_str)
 .debug_line_str
                0x0000000000000000       0x69 obj\Debug\communicatie_lib.o
 .debug_line_str
                0x0000000000000069       0x48 obj\Debug\fuse.o
                                        0x102 (size before relaxing)
 .debug_line_str
                0x00000000000000b1       0x46 obj\Debug\init.o
                                        0x100 (size before relaxing)
 .debug_line_str
                0x00000000000000f7        0xe obj\Debug\main.o
                                        0x107 (size before relaxing)
 .debug_line_str
                0x0000000000000105       0x18 obj\Debug\motor_lib.o
                                        0x11b (size before relaxing)
 .debug_line_str
                0x000000000000011d       0x20 obj\Debug\navigatie_lib.o
                                        0x137 (size before relaxing)
 .debug_line_str
                0x000000000000013d       0x5a obj\Debug\us_sensor_lib.o
                                        0x165 (size before relaxing)
 .debug_line_str
                0x0000000000000197       0x53 c:/program files (x86)/avr-gcc-12.0.1_hhs/bin/../lib/gcc/avr/12.1.0/avr6\libgcc.a(_exit.o)
                                         0x5f (size before relaxing)
 .debug_line_str
                0x00000000000001ea       0x5f c:/program files (x86)/avr-gcc-12.0.1_hhs/bin/../lib/gcc/avr/12.1.0/avr6\libgcc.a(_clear_bss.o)

.debug_loclists
                0x0000000000000000      0x3dd
 *(.debug_loclists)
 .debug_loclists
                0x0000000000000000       0xf6 obj\Debug\motor_lib.o
 .debug_loclists
                0x00000000000000f6      0x169 obj\Debug\navigatie_lib.o
 .debug_loclists
                0x000000000000025f      0x17e obj\Debug\us_sensor_lib.o

.debug_macro
 *(.debug_macro)

.debug_names
 *(.debug_names)

.debug_rnglists
 *(.debug_rnglists)

.debug_str_offsets
 *(.debug_str_offsets)

.debug_sup
 *(.debug_sup)
OUTPUT(bin\Debug\AGV_project_deel2.elf elf32-avr)
LOAD linker stubs

Cross Reference Table

Symbol                                            File
__FUSE_REGION_LENGTH__                            c:/program files (x86)/avr-gcc-12.0.1_hhs/bin/../lib/gcc/avr/12.1.0/../../../../avr/lib/avr6/crtatmega2560.o
__addsf3                                          c:/program files (x86)/avr-gcc-12.0.1_hhs/bin/../lib/gcc/avr/12.1.0/../../../../avr/lib/avr6\libm.a(addsf3.o)
__addsf3x                                         c:/program files (x86)/avr-gcc-12.0.1_hhs/bin/../lib/gcc/avr/12.1.0/../../../../avr/lib/avr6\libm.a(addsf3x.o)
                                                  c:/program files (x86)/avr-gcc-12.0.1_hhs/bin/../lib/gcc/avr/12.1.0/../../../../avr/lib/avr6\libm.a(addsf3.o)
__bad_interrupt                                   c:/program files (x86)/avr-gcc-12.0.1_hhs/bin/../lib/gcc/avr/12.1.0/../../../../avr/lib/avr6/crtatmega2560.o
__bss_end                                         c:/program files (x86)/avr-gcc-12.0.1_hhs/bin/../lib/gcc/avr/12.1.0/avr6\libgcc.a(_clear_bss.o)
__bss_start                                       c:/program files (x86)/avr-gcc-12.0.1_hhs/bin/../lib/gcc/avr/12.1.0/avr6\libgcc.a(_clear_bss.o)
__divsf3                                          c:/program files (x86)/avr-gcc-12.0.1_hhs/bin/../lib/gcc/avr/12.1.0/../../../../avr/lib/avr6\libm.a(divsf3.o)
                                                  obj\Debug\navigatie_lib.o
__divsf3_pse                                      c:/program files (x86)/avr-gcc-12.0.1_hhs/bin/../lib/gcc/avr/12.1.0/../../../../avr/lib/avr6\libm.a(divsf3x.o)
__divsf3x                                         c:/program files (x86)/avr-gcc-12.0.1_hhs/bin/../lib/gcc/avr/12.1.0/../../../../avr/lib/avr6\libm.a(divsf3x.o)
                                                  c:/program files (x86)/avr-gcc-12.0.1_hhs/bin/../lib/gcc/avr/12.1.0/../../../../avr/lib/avr6\libm.a(divsf3.o)
__do_clear_bss                                    c:/program files (x86)/avr-gcc-12.0.1_hhs/bin/../lib/gcc/avr/12.1.0/avr6\libgcc.a(_clear_bss.o)
                                                  obj\Debug\navigatie_lib.o
__fixsfsi                                         c:/program files (x86)/avr-gcc-12.0.1_hhs/bin/../lib/gcc/avr/12.1.0/../../../../avr/lib/avr6\libm.a(fixsfsi.o)
                                                  obj\Debug\motor_lib.o
__fixunssfsi                                      c:/program files (x86)/avr-gcc-12.0.1_hhs/bin/../lib/gcc/avr/12.1.0/../../../../avr/lib/avr6\libm.a(fixunssfsi.o)
                                                  c:/program files (x86)/avr-gcc-12.0.1_hhs/bin/../lib/gcc/avr/12.1.0/../../../../avr/lib/avr6\libm.a(fixsfsi.o)
                                                  obj\Debug\us_sensor_lib.o
__floatsisf                                       c:/program files (x86)/avr-gcc-12.0.1_hhs/bin/../lib/gcc/avr/12.1.0/../../../../avr/lib/avr6\libm.a(floatsisf.o)
                                                  obj\Debug\navigatie_lib.o
__floatunsisf                                     c:/program files (x86)/avr-gcc-12.0.1_hhs/bin/../lib/gcc/avr/12.1.0/../../../../avr/lib/avr6\libm.a(floatsisf.o)
                                                  obj\Debug\us_sensor_lib.o
__fp_inf                                          c:/program files (x86)/avr-gcc-12.0.1_hhs/bin/../lib/gcc/avr/12.1.0/../../../../avr/lib/avr6\libm.a(fp_inf.o)
                                                  c:/program files (x86)/avr-gcc-12.0.1_hhs/bin/../lib/gcc/avr/12.1.0/../../../../avr/lib/avr6\libm.a(mulsf3x.o)
                                                  c:/program files (x86)/avr-gcc-12.0.1_hhs/bin/../lib/gcc/avr/12.1.0/../../../../avr/lib/avr6\libm.a(divsf3x.o)
                                                  c:/program files (x86)/avr-gcc-12.0.1_hhs/bin/../lib/gcc/avr/12.1.0/../../../../avr/lib/avr6\libm.a(addsf3x.o)
__fp_nan                                          c:/program files (x86)/avr-gcc-12.0.1_hhs/bin/../lib/gcc/avr/12.1.0/../../../../avr/lib/avr6\libm.a(fp_nan.o)
                                                  c:/program files (x86)/avr-gcc-12.0.1_hhs/bin/../lib/gcc/avr/12.1.0/../../../../avr/lib/avr6\libm.a(mulsf3x.o)
                                                  c:/program files (x86)/avr-gcc-12.0.1_hhs/bin/../lib/gcc/avr/12.1.0/../../../../avr/lib/avr6\libm.a(divsf3x.o)
                                                  c:/program files (x86)/avr-gcc-12.0.1_hhs/bin/../lib/gcc/avr/12.1.0/../../../../avr/lib/avr6\libm.a(addsf3x.o)
__fp_pscA                                         c:/program files (x86)/avr-gcc-12.0.1_hhs/bin/../lib/gcc/avr/12.1.0/../../../../avr/lib/avr6\libm.a(fp_pscA.o)
                                                  c:/program files (x86)/avr-gcc-12.0.1_hhs/bin/../lib/gcc/avr/12.1.0/../../../../avr/lib/avr6\libm.a(mulsf3x.o)
                                                  c:/program files (x86)/avr-gcc-12.0.1_hhs/bin/../lib/gcc/avr/12.1.0/../../../../avr/lib/avr6\libm.a(divsf3x.o)
                                                  c:/program files (x86)/avr-gcc-12.0.1_hhs/bin/../lib/gcc/avr/12.1.0/../../../../avr/lib/avr6\libm.a(addsf3x.o)
__fp_pscB                                         c:/program files (x86)/avr-gcc-12.0.1_hhs/bin/../lib/gcc/avr/12.1.0/../../../../avr/lib/avr6\libm.a(fp_pscB.o)
                                                  c:/program files (x86)/avr-gcc-12.0.1_hhs/bin/../lib/gcc/avr/12.1.0/../../../../avr/lib/avr6\libm.a(mulsf3x.o)
                                                  c:/program files (x86)/avr-gcc-12.0.1_hhs/bin/../lib/gcc/avr/12.1.0/../../../../avr/lib/avr6\libm.a(divsf3x.o)
                                                  c:/program files (x86)/avr-gcc-12.0.1_hhs/bin/../lib/gcc/avr/12.1.0/../../../../avr/lib/avr6\libm.a(addsf3x.o)
__fp_round                                        c:/program files (x86)/avr-gcc-12.0.1_hhs/bin/../lib/gcc/avr/12.1.0/../../../../avr/lib/avr6\libm.a(fp_round.o)
                                                  c:/program files (x86)/avr-gcc-12.0.1_hhs/bin/../lib/gcc/avr/12.1.0/../../../../avr/lib/avr6\libm.a(mulsf3.o)
                                                  c:/program files (x86)/avr-gcc-12.0.1_hhs/bin/../lib/gcc/avr/12.1.0/../../../../avr/lib/avr6\libm.a(divsf3.o)
                                                  c:/program files (x86)/avr-gcc-12.0.1_hhs/bin/../lib/gcc/avr/12.1.0/../../../../avr/lib/avr6\libm.a(addsf3.o)
__fp_split3                                       c:/program files (x86)/avr-gcc-12.0.1_hhs/bin/../lib/gcc/avr/12.1.0/../../../../avr/lib/avr6\libm.a(fp_split3.o)
                                                  c:/program files (x86)/avr-gcc-12.0.1_hhs/bin/../lib/gcc/avr/12.1.0/../../../../avr/lib/avr6\libm.a(mulsf3x.o)
                                                  c:/program files (x86)/avr-gcc-12.0.1_hhs/bin/../lib/gcc/avr/12.1.0/../../../../avr/lib/avr6\libm.a(divsf3x.o)
                                                  c:/program files (x86)/avr-gcc-12.0.1_hhs/bin/../lib/gcc/avr/12.1.0/../../../../avr/lib/avr6\libm.a(addsf3x.o)
__fp_splitA                                       c:/program files (x86)/avr-gcc-12.0.1_hhs/bin/../lib/gcc/avr/12.1.0/../../../../avr/lib/avr6\libm.a(fp_split3.o)
                                                  c:/program files (x86)/avr-gcc-12.0.1_hhs/bin/../lib/gcc/avr/12.1.0/../../../../avr/lib/avr6\libm.a(fixunssfsi.o)
__fp_szero                                        c:/program files (x86)/avr-gcc-12.0.1_hhs/bin/../lib/gcc/avr/12.1.0/../../../../avr/lib/avr6\libm.a(fp_zero.o)
                                                  c:/program files (x86)/avr-gcc-12.0.1_hhs/bin/../lib/gcc/avr/12.1.0/../../../../avr/lib/avr6\libm.a(mulsf3x.o)
                                                  c:/program files (x86)/avr-gcc-12.0.1_hhs/bin/../lib/gcc/avr/12.1.0/../../../../avr/lib/avr6\libm.a(fixsfsi.o)
                                                  c:/program files (x86)/avr-gcc-12.0.1_hhs/bin/../lib/gcc/avr/12.1.0/../../../../avr/lib/avr6\libm.a(divsf3x.o)
__fp_zero                                         c:/program files (x86)/avr-gcc-12.0.1_hhs/bin/../lib/gcc/avr/12.1.0/../../../../avr/lib/avr6\libm.a(fp_zero.o)
                                                  c:/program files (x86)/avr-gcc-12.0.1_hhs/bin/../lib/gcc/avr/12.1.0/../../../../avr/lib/avr6\libm.a(fixunssfsi.o)
                                                  c:/program files (x86)/avr-gcc-12.0.1_hhs/bin/../lib/gcc/avr/12.1.0/../../../../avr/lib/avr6\libm.a(addsf3x.o)
__fuse                                            obj\Debug\fuse.o
__heap_end                                        c:/program files (x86)/avr-gcc-12.0.1_hhs/bin/../lib/gcc/avr/12.1.0/../../../../avr/lib/avr6/crtatmega2560.o
__init                                            c:/program files (x86)/avr-gcc-12.0.1_hhs/bin/../lib/gcc/avr/12.1.0/../../../../avr/lib/avr6/crtatmega2560.o
__mulsf3                                          c:/program files (x86)/avr-gcc-12.0.1_hhs/bin/../lib/gcc/avr/12.1.0/../../../../avr/lib/avr6\libm.a(mulsf3.o)
                                                  obj\Debug\us_sensor_lib.o
                                                  obj\Debug\motor_lib.o
__mulsf3_pse                                      c:/program files (x86)/avr-gcc-12.0.1_hhs/bin/../lib/gcc/avr/12.1.0/../../../../avr/lib/avr6\libm.a(mulsf3x.o)
__mulsf3x                                         c:/program files (x86)/avr-gcc-12.0.1_hhs/bin/../lib/gcc/avr/12.1.0/../../../../avr/lib/avr6\libm.a(mulsf3x.o)
                                                  c:/program files (x86)/avr-gcc-12.0.1_hhs/bin/../lib/gcc/avr/12.1.0/../../../../avr/lib/avr6\libm.a(mulsf3.o)
__stack                                           c:/program files (x86)/avr-gcc-12.0.1_hhs/bin/../lib/gcc/avr/12.1.0/../../../../avr/lib/avr6/crtatmega2560.o
__subsf3                                          c:/program files (x86)/avr-gcc-12.0.1_hhs/bin/../lib/gcc/avr/12.1.0/../../../../avr/lib/avr6\libm.a(addsf3.o)
                                                  obj\Debug\navigatie_lib.o
__vector_1                                        c:/program files (x86)/avr-gcc-12.0.1_hhs/bin/../lib/gcc/avr/12.1.0/../../../../avr/lib/avr6/crtatmega2560.o
__vector_10                                       c:/program files (x86)/avr-gcc-12.0.1_hhs/bin/../lib/gcc/avr/12.1.0/../../../../avr/lib/avr6/crtatmega2560.o
__vector_11                                       c:/program files (x86)/avr-gcc-12.0.1_hhs/bin/../lib/gcc/avr/12.1.0/../../../../avr/lib/avr6/crtatmega2560.o
__vector_12                                       c:/program files (x86)/avr-gcc-12.0.1_hhs/bin/../lib/gcc/avr/12.1.0/../../../../avr/lib/avr6/crtatmega2560.o
__vector_13                                       c:/program files (x86)/avr-gcc-12.0.1_hhs/bin/../lib/gcc/avr/12.1.0/../../../../avr/lib/avr6/crtatmega2560.o
__vector_14                                       c:/program files (x86)/avr-gcc-12.0.1_hhs/bin/../lib/gcc/avr/12.1.0/../../../../avr/lib/avr6/crtatmega2560.o
__vector_15                                       c:/program files (x86)/avr-gcc-12.0.1_hhs/bin/../lib/gcc/avr/12.1.0/../../../../avr/lib/avr6/crtatmega2560.o
__vector_16                                       c:/program files (x86)/avr-gcc-12.0.1_hhs/bin/../lib/gcc/avr/12.1.0/../../../../avr/lib/avr6/crtatmega2560.o
__vector_17                                       c:/program files (x86)/avr-gcc-12.0.1_hhs/bin/../lib/gcc/avr/12.1.0/../../../../avr/lib/avr6/crtatmega2560.o
__vector_18                                       c:/program files (x86)/avr-gcc-12.0.1_hhs/bin/../lib/gcc/avr/12.1.0/../../../../avr/lib/avr6/crtatmega2560.o
__vector_19                                       c:/program files (x86)/avr-gcc-12.0.1_hhs/bin/../lib/gcc/avr/12.1.0/../../../../avr/lib/avr6/crtatmega2560.o
__vector_2                                        c:/program files (x86)/avr-gcc-12.0.1_hhs/bin/../lib/gcc/avr/12.1.0/../../../../avr/lib/avr6/crtatmega2560.o
__vector_20                                       c:/program files (x86)/avr-gcc-12.0.1_hhs/bin/../lib/gcc/avr/12.1.0/../../../../avr/lib/avr6/crtatmega2560.o
__vector_21                                       c:/program files (x86)/avr-gcc-12.0.1_hhs/bin/../lib/gcc/avr/12.1.0/../../../../avr/lib/avr6/crtatmega2560.o
__vector_22                                       c:/program files (x86)/avr-gcc-12.0.1_hhs/bin/../lib/gcc/avr/12.1.0/../../../../avr/lib/avr6/crtatmega2560.o
__vector_23                                       c:/program files (x86)/avr-gcc-12.0.1_hhs/bin/../lib/gcc/avr/12.1.0/../../../../avr/lib/avr6/crtatmega2560.o
__vector_24                                       c:/program files (x86)/avr-gcc-12.0.1_hhs/bin/../lib/gcc/avr/12.1.0/../../../../avr/lib/avr6/crtatmega2560.o
__vector_25                                       c:/program files (x86)/avr-gcc-12.0.1_hhs/bin/../lib/gcc/avr/12.1.0/../../../../avr/lib/avr6/crtatmega2560.o
__vector_26                                       c:/program files (x86)/avr-gcc-12.0.1_hhs/bin/../lib/gcc/avr/12.1.0/../../../../avr/lib/avr6/crtatmega2560.o
__vector_27                                       c:/program files (x86)/avr-gcc-12.0.1_hhs/bin/../lib/gcc/avr/12.1.0/../../../../avr/lib/avr6/crtatmega2560.o
__vector_28                                       c:/program files (x86)/avr-gcc-12.0.1_hhs/bin/../lib/gcc/avr/12.1.0/../../../../avr/lib/avr6/crtatmega2560.o
__vector_29                                       c:/program files (x86)/avr-gcc-12.0.1_hhs/bin/../lib/gcc/avr/12.1.0/../../../../avr/lib/avr6/crtatmega2560.o
__vector_3                                        c:/program files (x86)/avr-gcc-12.0.1_hhs/bin/../lib/gcc/avr/12.1.0/../../../../avr/lib/avr6/crtatmega2560.o
__vector_30                                       c:/program files (x86)/avr-gcc-12.0.1_hhs/bin/../lib/gcc/avr/12.1.0/../../../../avr/lib/avr6/crtatmega2560.o
__vector_31                                       c:/program files (x86)/avr-gcc-12.0.1_hhs/bin/../lib/gcc/avr/12.1.0/../../../../avr/lib/avr6/crtatmega2560.o
__vector_32                                       c:/program files (x86)/avr-gcc-12.0.1_hhs/bin/../lib/gcc/avr/12.1.0/../../../../avr/lib/avr6/crtatmega2560.o
__vector_33                                       c:/program files (x86)/avr-gcc-12.0.1_hhs/bin/../lib/gcc/avr/12.1.0/../../../../avr/lib/avr6/crtatmega2560.o
__vector_34                                       c:/program files (x86)/avr-gcc-12.0.1_hhs/bin/../lib/gcc/avr/12.1.0/../../../../avr/lib/avr6/crtatmega2560.o
__vector_35                                       c:/program files (x86)/avr-gcc-12.0.1_hhs/bin/../lib/gcc/avr/12.1.0/../../../../avr/lib/avr6/crtatmega2560.o
__vector_36                                       c:/program files (x86)/avr-gcc-12.0.1_hhs/bin/../lib/gcc/avr/12.1.0/../../../../avr/lib/avr6/crtatmega2560.o
__vector_37                                       c:/program files (x86)/avr-gcc-12.0.1_hhs/bin/../lib/gcc/avr/12.1.0/../../../../avr/lib/avr6/crtatmega2560.o
__vector_38                                       c:/program files (x86)/avr-gcc-12.0.1_hhs/bin/../lib/gcc/avr/12.1.0/../../../../avr/lib/avr6/crtatmega2560.o
__vector_39                                       c:/program files (x86)/avr-gcc-12.0.1_hhs/bin/../lib/gcc/avr/12.1.0/../../../../avr/lib/avr6/crtatmega2560.o
__vector_4                                        c:/program files (x86)/avr-gcc-12.0.1_hhs/bin/../lib/gcc/avr/12.1.0/../../../../avr/lib/avr6/crtatmega2560.o
__vector_40                                       c:/program files (x86)/avr-gcc-12.0.1_hhs/bin/../lib/gcc/avr/12.1.0/../../../../avr/lib/avr6/crtatmega2560.o
__vector_41                                       c:/program files (x86)/avr-gcc-12.0.1_hhs/bin/../lib/gcc/avr/12.1.0/../../../../avr/lib/avr6/crtatmega2560.o
__vector_42                                       c:/program files (x86)/avr-gcc-12.0.1_hhs/bin/../lib/gcc/avr/12.1.0/../../../../avr/lib/avr6/crtatmega2560.o
__vector_43                                       c:/program files (x86)/avr-gcc-12.0.1_hhs/bin/../lib/gcc/avr/12.1.0/../../../../avr/lib/avr6/crtatmega2560.o
__vector_44                                       c:/program files (x86)/avr-gcc-12.0.1_hhs/bin/../lib/gcc/avr/12.1.0/../../../../avr/lib/avr6/crtatmega2560.o
__vector_45                                       c:/program files (x86)/avr-gcc-12.0.1_hhs/bin/../lib/gcc/avr/12.1.0/../../../../avr/lib/avr6/crtatmega2560.o
__vector_46                                       c:/program files (x86)/avr-gcc-12.0.1_hhs/bin/../lib/gcc/avr/12.1.0/../../../../avr/lib/avr6/crtatmega2560.o
__vector_47                                       c:/program files (x86)/avr-gcc-12.0.1_hhs/bin/../lib/gcc/avr/12.1.0/../../../../avr/lib/avr6/crtatmega2560.o
__vector_48                                       c:/program files (x86)/avr-gcc-12.0.1_hhs/bin/../lib/gcc/avr/12.1.0/../../../../avr/lib/avr6/crtatmega2560.o
__vector_49                                       c:/program files (x86)/avr-gcc-12.0.1_hhs/bin/../lib/gcc/avr/12.1.0/../../../../avr/lib/avr6/crtatmega2560.o
__vector_5                                        c:/program files (x86)/avr-gcc-12.0.1_hhs/bin/../lib/gcc/avr/12.1.0/../../../../avr/lib/avr6/crtatmega2560.o
__vector_50                                       c:/program files (x86)/avr-gcc-12.0.1_hhs/bin/../lib/gcc/avr/12.1.0/../../../../avr/lib/avr6/crtatmega2560.o
__vector_51                                       c:/program files (x86)/avr-gcc-12.0.1_hhs/bin/../lib/gcc/avr/12.1.0/../../../../avr/lib/avr6/crtatmega2560.o
__vector_52                                       c:/program files (x86)/avr-gcc-12.0.1_hhs/bin/../lib/gcc/avr/12.1.0/../../../../avr/lib/avr6/crtatmega2560.o
__vector_53                                       c:/program files (x86)/avr-gcc-12.0.1_hhs/bin/../lib/gcc/avr/12.1.0/../../../../avr/lib/avr6/crtatmega2560.o
__vector_54                                       c:/program files (x86)/avr-gcc-12.0.1_hhs/bin/../lib/gcc/avr/12.1.0/../../../../avr/lib/avr6/crtatmega2560.o
__vector_55                                       c:/program files (x86)/avr-gcc-12.0.1_hhs/bin/../lib/gcc/avr/12.1.0/../../../../avr/lib/avr6/crtatmega2560.o
__vector_56                                       c:/program files (x86)/avr-gcc-12.0.1_hhs/bin/../lib/gcc/avr/12.1.0/../../../../avr/lib/avr6/crtatmega2560.o
__vector_6                                        c:/program files (x86)/avr-gcc-12.0.1_hhs/bin/../lib/gcc/avr/12.1.0/../../../../avr/lib/avr6/crtatmega2560.o
__vector_7                                        c:/program files (x86)/avr-gcc-12.0.1_hhs/bin/../lib/gcc/avr/12.1.0/../../../../avr/lib/avr6/crtatmega2560.o
__vector_8                                        c:/program files (x86)/avr-gcc-12.0.1_hhs/bin/../lib/gcc/avr/12.1.0/../../../../avr/lib/avr6/crtatmega2560.o
__vector_9                                        c:/program files (x86)/avr-gcc-12.0.1_hhs/bin/../lib/gcc/avr/12.1.0/../../../../avr/lib/avr6/crtatmega2560.o
__vector_default                                  c:/program files (x86)/avr-gcc-12.0.1_hhs/bin/../lib/gcc/avr/12.1.0/../../../../avr/lib/avr6/crtatmega2560.o
__vectors                                         c:/program files (x86)/avr-gcc-12.0.1_hhs/bin/../lib/gcc/avr/12.1.0/../../../../avr/lib/avr6/crtatmega2560.o
_exit                                             c:/program files (x86)/avr-gcc-12.0.1_hhs/bin/../lib/gcc/avr/12.1.0/avr6\libgcc.a(_exit.o)
exit                                              c:/program files (x86)/avr-gcc-12.0.1_hhs/bin/../lib/gcc/avr/12.1.0/avr6\libgcc.a(_exit.o)
                                                  c:/program files (x86)/avr-gcc-12.0.1_hhs/bin/../lib/gcc/avr/12.1.0/../../../../avr/lib/avr6/crtatmega2560.o
init                                              obj\Debug\init.o
                                                  obj\Debug\main.o
init_communicatie                                 obj\Debug\init.o
init_h_brug_dual                                  obj\Debug\init.o
init_us_sensor                                    obj\Debug\init.o
kerenR                                            obj\Debug\navigatie_lib.o
main                                              obj\Debug\main.o
                                                  c:/program files (x86)/avr-gcc-12.0.1_hhs/bin/../lib/gcc/avr/12.1.0/../../../../avr/lib/avr6/crtatmega2560.o
motor_L                                           obj\Debug\motor_lib.o
                                                  obj\Debug\navigatie_lib.o
motor_R                                           obj\Debug\motor_lib.o
                                                  obj\Debug\navigatie_lib.o
motor_config                                      obj\Debug\motor_lib.o
                                                  obj\Debug\navigatie_lib.o
padNavigerenLinks                                 obj\Debug\navigatie_lib.o
padNavigerenNorm                                  obj\Debug\navigatie_lib.o
padNavigerenRechts                                obj\Debug\navigatie_lib.o
percentageSteering_L                              obj\Debug\navigatie_lib.o
percentageSteering_R                              obj\Debug\navigatie_lib.o
ultrasoonAfstand_L_ACHTERUIT                      obj\Debug\us_sensor_lib.o
ultrasoonAfstand_L_VOORUIT                        obj\Debug\us_sensor_lib.o
                                                  obj\Debug\navigatie_lib.o
ultrasoonAfstand_R_ACHTERUIT                      obj\Debug\us_sensor_lib.o
ultrasoonAfstand_R_VOORUIT                        obj\Debug\us_sensor_lib.o
                                                  obj\Debug\navigatie_lib.o
